Archive member included to satisfy reference by file (symbol)

/opt/homebrew/Cellar/gcc-arm-none-eabi/20200630/bin/../lib/gcc/arm-none-eabi/9.3.1/../../../../arm-none-eabi/lib/thumb/v7e-m+fp/hard/libm.a(lib_a-wf_atan2.o)
                              build/IMU.o (atan2f)
/opt/homebrew/Cellar/gcc-arm-none-eabi/20200630/bin/../lib/gcc/arm-none-eabi/9.3.1/../../../../arm-none-eabi/lib/thumb/v7e-m+fp/hard/libm.a(lib_a-wf_sqrt.o)
                              build/IMU.o (sqrtf)
/opt/homebrew/Cellar/gcc-arm-none-eabi/20200630/bin/../lib/gcc/arm-none-eabi/9.3.1/../../../../arm-none-eabi/lib/thumb/v7e-m+fp/hard/libm.a(lib_a-ef_atan2.o)
                              /opt/homebrew/Cellar/gcc-arm-none-eabi/20200630/bin/../lib/gcc/arm-none-eabi/9.3.1/../../../../arm-none-eabi/lib/thumb/v7e-m+fp/hard/libm.a(lib_a-wf_atan2.o) (__ieee754_atan2f)
/opt/homebrew/Cellar/gcc-arm-none-eabi/20200630/bin/../lib/gcc/arm-none-eabi/9.3.1/../../../../arm-none-eabi/lib/thumb/v7e-m+fp/hard/libm.a(lib_a-ef_sqrt.o)
                              /opt/homebrew/Cellar/gcc-arm-none-eabi/20200630/bin/../lib/gcc/arm-none-eabi/9.3.1/../../../../arm-none-eabi/lib/thumb/v7e-m+fp/hard/libm.a(lib_a-wf_sqrt.o) (__ieee754_sqrtf)
/opt/homebrew/Cellar/gcc-arm-none-eabi/20200630/bin/../lib/gcc/arm-none-eabi/9.3.1/../../../../arm-none-eabi/lib/thumb/v7e-m+fp/hard/libm.a(lib_a-s_lib_ver.o)
                              /opt/homebrew/Cellar/gcc-arm-none-eabi/20200630/bin/../lib/gcc/arm-none-eabi/9.3.1/../../../../arm-none-eabi/lib/thumb/v7e-m+fp/hard/libm.a(lib_a-wf_sqrt.o) (__fdlib_version)
/opt/homebrew/Cellar/gcc-arm-none-eabi/20200630/bin/../lib/gcc/arm-none-eabi/9.3.1/../../../../arm-none-eabi/lib/thumb/v7e-m+fp/hard/libm.a(lib_a-sf_atan.o)
                              /opt/homebrew/Cellar/gcc-arm-none-eabi/20200630/bin/../lib/gcc/arm-none-eabi/9.3.1/../../../../arm-none-eabi/lib/thumb/v7e-m+fp/hard/libm.a(lib_a-ef_atan2.o) (atanf)
/opt/homebrew/Cellar/gcc-arm-none-eabi/20200630/bin/../lib/gcc/arm-none-eabi/9.3.1/../../../../arm-none-eabi/lib/thumb/v7e-m+fp/hard/libm.a(lib_a-sf_fabs.o)
                              /opt/homebrew/Cellar/gcc-arm-none-eabi/20200630/bin/../lib/gcc/arm-none-eabi/9.3.1/../../../../arm-none-eabi/lib/thumb/v7e-m+fp/hard/libm.a(lib_a-ef_atan2.o) (fabsf)
/opt/homebrew/Cellar/gcc-arm-none-eabi/20200630/bin/../lib/gcc/arm-none-eabi/9.3.1/thumb/v7e-m+fp/hard/libgcc.a(_arm_muldf3.o)
                              build/data_logging.o (__aeabi_dmul)
/opt/homebrew/Cellar/gcc-arm-none-eabi/20200630/bin/../lib/gcc/arm-none-eabi/9.3.1/thumb/v7e-m+fp/hard/libgcc.a(_arm_addsubdf3.o)
                              build/cmd_parser.o (__aeabi_f2d)
/opt/homebrew/Cellar/gcc-arm-none-eabi/20200630/bin/../lib/gcc/arm-none-eabi/9.3.1/thumb/v7e-m+fp/hard/libgcc.a(_arm_muldivdf3.o)
                              build/IMU.o (__aeabi_ddiv)
/opt/homebrew/Cellar/gcc-arm-none-eabi/20200630/bin/../lib/gcc/arm-none-eabi/9.3.1/thumb/v7e-m+fp/hard/libgcc.a(_arm_truncdfsf2.o)
                              build/cmd_parser.o (__aeabi_d2f)
/opt/homebrew/Cellar/gcc-arm-none-eabi/20200630/bin/../lib/gcc/arm-none-eabi/9.3.1/thumb/v7e-m+fp/hard/libgcc.a(_aeabi_ldivmod.o)
                              build/uart.o (__aeabi_ldivmod)
/opt/homebrew/Cellar/gcc-arm-none-eabi/20200630/bin/../lib/gcc/arm-none-eabi/9.3.1/thumb/v7e-m+fp/hard/libgcc.a(_aeabi_uldivmod.o)
                              build/uart.o (__aeabi_uldivmod)
/opt/homebrew/Cellar/gcc-arm-none-eabi/20200630/bin/../lib/gcc/arm-none-eabi/9.3.1/thumb/v7e-m+fp/hard/libgcc.a(_udivmoddi4.o)
                              /opt/homebrew/Cellar/gcc-arm-none-eabi/20200630/bin/../lib/gcc/arm-none-eabi/9.3.1/thumb/v7e-m+fp/hard/libgcc.a(_aeabi_ldivmod.o) (__udivmoddi4)
/opt/homebrew/Cellar/gcc-arm-none-eabi/20200630/bin/../lib/gcc/arm-none-eabi/9.3.1/thumb/v7e-m+fp/hard/libgcc.a(_dvmd_tls.o)
                              /opt/homebrew/Cellar/gcc-arm-none-eabi/20200630/bin/../lib/gcc/arm-none-eabi/9.3.1/thumb/v7e-m+fp/hard/libgcc.a(_aeabi_ldivmod.o) (__aeabi_ldiv0)
/opt/homebrew/Cellar/gcc-arm-none-eabi/20200630/bin/../lib/gcc/arm-none-eabi/9.3.1/../../../../arm-none-eabi/lib/thumb/v7e-m+fp/hard/libc_nano.a(lib_a-atof.o)
                              build/cmd_parser.o (atof)
/opt/homebrew/Cellar/gcc-arm-none-eabi/20200630/bin/../lib/gcc/arm-none-eabi/9.3.1/../../../../arm-none-eabi/lib/thumb/v7e-m+fp/hard/libc_nano.a(lib_a-ctype_.o)
                              build/cmd_parser.o (_ctype_)
/opt/homebrew/Cellar/gcc-arm-none-eabi/20200630/bin/../lib/gcc/arm-none-eabi/9.3.1/../../../../arm-none-eabi/lib/thumb/v7e-m+fp/hard/libc_nano.a(lib_a-errno.o)
                              /opt/homebrew/Cellar/gcc-arm-none-eabi/20200630/bin/../lib/gcc/arm-none-eabi/9.3.1/../../../../arm-none-eabi/lib/thumb/v7e-m+fp/hard/libm.a(lib_a-wf_sqrt.o) (__errno)
/opt/homebrew/Cellar/gcc-arm-none-eabi/20200630/bin/../lib/gcc/arm-none-eabi/9.3.1/../../../../arm-none-eabi/lib/thumb/v7e-m+fp/hard/libc_nano.a(lib_a-exit.o)
[...]
Memory Configuration

Name             Origin             Length             Attributes
FLASH            0x0000000008000000 0x0000000000080000 xr
RAM              0x0000000020000000 0x0000000000020000 xrw
*default*        0x0000000000000000 0xffffffffffffffff

Linker script and memory map

LOAD /opt/homebrew/Cellar/gcc-arm-none-eabi/20200630/bin/../lib/gcc/arm-none-eabi/9.3.1/thumb/v7e-m+fp/hard/crti.o
LOAD /opt/homebrew/Cellar/gcc-arm-none-eabi/20200630/bin/../lib/gcc/arm-none-eabi/9.3.1/thumb/v7e-m+fp/hard/crtbegin.o
LOAD /opt/homebrew/Cellar/gcc-arm-none-eabi/20200630/bin/../lib/gcc/arm-none-eabi/9.3.1/../../../../arm-none-eabi/lib/thumb/v7e-m+fp/hard/crt0.o
LOAD build/stm32f4xx_it.o
LOAD build/system_stm32f4xx.o
LOAD build/main.o
LOAD build/uart.o
LOAD build/cmd_task.o
LOAD build/heartbeat_task.o
LOAD build/cmd_line_buffer.o
LOAD build/cmd_parser.o
LOAD build/heartbeat_cmd.o
LOAD build/controller.o
LOAD build/controller_cmd.o
LOAD build/motor.o
LOAD build/data_logging.o
LOAD build/IMU.o
LOAD build/control_task.o
LOAD build/startup_stm32f446xx.o
LOAD build/stm32f4_HAL/stm32f4xx_hal.o
LOAD build/stm32f4_HAL/stm32f4xx_hal_dma.o
LOAD build/stm32f4_HAL/stm32f4xx_hal_adc.o
LOAD build/stm32f4_HAL/stm32f4xx_hal_adc_ex.o
LOAD build/stm32f4_HAL/stm32f4xx_hal_gpio.o
LOAD build/stm32f4_HAL/stm32f4xx_ll_gpio.o
LOAD build/stm32f4_HAL/stm32f4xx_ll_usart.o
LOAD build/stm32f4_HAL/stm32f4xx_ll_dma.o
LOAD build/stm32f4_HAL/stm32f4xx_ll_rcc.o
LOAD build/stm32f4_HAL/stm32f4xx_hal_i2c.o
LOAD build/stm32f4_HAL/stm32f4xx_hal_i2c_ex.o
LOAD build/stm32f4_HAL/stm32f4xx_hal_tim.o
LOAD build/stm32f4_HAL/stm32f4xx_hal_tim_ex.o
LOAD build/stm32f4_HAL/stm32f4xx_hal_rtc.o
LOAD build/stm32f4_HAL/stm32f4xx_hal_rcc.o
LOAD build/stm32f4_HAL/stm32f4xx_hal_rcc_ex.o
LOAD build/stm32f4_HAL/stm32f4xx_hal_pwr.o
LOAD build/stm32f4_HAL/stm32f4xx_hal_pwr_ex.o
LOAD build/stm32f4_HAL/stm32f4xx_hal_cortex.o
LOAD build/stm32f4_HAL/stm32f4xx_hal_spi.o
LOAD build/stm32f4_HAL/stm32f4xx_hal_dac.o
LOAD build/stm32f4_HAL/stm32f4xx_hal_dac_ex.o
LOAD build/stm32f4_HAL/stm32f4xx_hal_can.o
LOAD build/FreeRTOS/croutine.o
LOAD build/FreeRTOS/event_groups.o
LOAD build/FreeRTOS/list.o
LOAD build/FreeRTOS/queue.o
LOAD build/FreeRTOS/tasks.o
LOAD build/FreeRTOS/timers.o
LOAD build/FreeRTOS/stream_buffer.o
LOAD build/FreeRTOS/cmsis_os2.o
LOAD build/FreeRTOS/clib_arm.o
LOAD build/FreeRTOS/os_systick.o
LOAD build/FreeRTOS/heap_useNewlib.o
LOAD build/FreeRTOS/port.o
LOAD build/tm_stm32_gpio.o
LOAD build/tm_stm32_i2c.o
LOAD build/tm_stm32_mpu6050.o
LOAD /opt/homebrew/Cellar/gcc-arm-none-eabi/20200630/bin/../lib/gcc/arm-none-eabi/9.3.1/../../../../arm-none-eabi/lib/thumb/v7e-m+fp/hard/libm.a
LOAD ../libraries/STM32Cube_F4_FW/Drivers/CMSIS/Lib/GCC/libarm_cortexM4lf_math.a
START GROUP
LOAD /opt/homebrew/Cellar/gcc-arm-none-eabi/20200630/bin/../lib/gcc/arm-none-eabi/9.3.1/thumb/v7e-m+fp/hard/libgcc.a
LOAD /opt/homebrew/Cellar/gcc-arm-none-eabi/20200630/bin/../lib/gcc/arm-none-eabi/9.3.1/../../../../arm-none-eabi/lib/thumb/v7e-m+fp/hard/libc_nano.a
END GROUP
START GROUP
LOAD /opt/homebrew/Cellar/gcc-arm-none-eabi/20200630/bin/../lib/gcc/arm-none-eabi/9.3.1/thumb/v7e-m+fp/hard/libgcc.a
LOAD /opt/homebrew/Cellar/gcc-arm-none-eabi/20200630/bin/../lib/gcc/arm-none-eabi/9.3.1/../../../../arm-none-eabi/lib/thumb/v7e-m+fp/hard/libc_nano.a
LOAD /opt/homebrew/Cellar/gcc-arm-none-eabi/20200630/bin/../lib/gcc/arm-none-eabi/9.3.1/../../../../arm-none-eabi/lib/thumb/v7e-m+fp/hard/libnosys.a
END GROUP
START GROUP
LOAD /opt/homebrew/Cellar/gcc-arm-none-eabi/20200630/bin/../lib/gcc/arm-none-eabi/9.3.1/thumb/v7e-m+fp/hard/libgcc.a
LOAD /opt/homebrew/Cellar/gcc-arm-none-eabi/20200630/bin/../lib/gcc/arm-none-eabi/9.3.1/../../../../arm-none-eabi/lib/thumb/v7e-m+fp/hard/libc_nano.a
LOAD /opt/homebrew/Cellar/gcc-arm-none-eabi/20200630/bin/../lib/gcc/arm-none-eabi/9.3.1/../../../../arm-none-eabi/lib/thumb/v7e-m+fp/hard/libnosys.a
END GROUP
LOAD /opt/homebrew/Cellar/gcc-arm-none-eabi/20200630/bin/../lib/gcc/arm-none-eabi/9.3.1/thumb/v7e-m+fp/hard/crtend.o
LOAD /opt/homebrew/Cellar/gcc-arm-none-eabi/20200630/bin/../lib/gcc/arm-none-eabi/9.3.1/thumb/v7e-m+fp/hard/crtn.o
                0x0000000020020000                _estack = 0x20020000
                0x0000000000010000                _Min_Heap_Size = 0x10000
                0x0000000000002000                _Min_Stack_Size = 0x2000

.isr_vector     0x0000000008000000      0x1c4
                0x0000000008000000                . = ALIGN (0x4)
 *(.isr_vector)
 .isr_vector    0x0000000008000000      0x1c4 build/startup_stm32f446xx.o
                0x0000000008000000                g_pfnVectors
                0x00000000080001c4                . = ALIGN (0x4)

.text           0x00000000080001d0    0x19660
                0x00000000080001d0                . = ALIGN (0x4)
 *(.text)
 .text          0x00000000080001d0        0x0 /opt/homebrew/Cellar/gcc-arm-none-eabi/20200630/bin/../lib/gcc/arm-none-eabi/9.3.1/thumb/v7e-m+fp/hard/crti.o
 .text          0x00000000080001d0       0x40 /opt/homebrew/Cellar/gcc-arm-none-eabi/20200630/bin/../lib/gcc/arm-none-eabi/9.3.1/thumb/v7e-m+fp/hard/crtbegin.o
 .text          0x0000000008000210       0x7c /opt/homebrew/Cellar/gcc-arm-none-eabi/20200630/bin/../lib/gcc/arm-none-eabi/9.3.1/../../../../arm-none-eabi/lib/thumb/v7e-m+fp/hard/crt0.o
                0x0000000008000210                _stack_init
                0x0000000008000218                _mainCRTStartup
                0x0000000008000218                _start
 .text          0x000000000800028c        0xc build/stm32f4xx_it.o
                0x000000000800028c                NMI_Handler
                0x000000000800028e                HardFault_Handler
                0x0000000008000290                MemManage_Handler
                0x0000000008000292                BusFault_Handler
                0x0000000008000294                UsageFault_Handler
                0x0000000008000296                DebugMon_Handler
 .text          0x0000000008000298       0xc0 build/system_stm32f4xx.o
                0x0000000008000298                SystemInit
                0x00000000080002e4                SystemCoreClockUpdate
 .text          0x0000000008000358        0x0 build/main.o
 .text          0x0000000008000358      0x47c build/uart.o
                0x0000000008000358                uart_init
                0x000000000800062c                __wrap_printf
                0x0000000008000664                __io_putchar
                0x0000000008000694                __io_getchar
                0x00000000080006b0                _write
                0x00000000080006cc                _read
                0x00000000080006e0                _uart_rxne_isr
                0x0000000008000708                _uart_txe_isr
                0x0000000008000740                _uart_error
                0x0000000008000798                USART2_IRQHandler
 .text          0x00000000080007d4       0x4c build/cmd_task.o
                0x00000000080007f4                cmd_task_init
 .text          0x0000000008000820      0x178 build/heartbeat_task.o
                0x0000000008000890                heartbeat_task_init
                0x0000000008000940                heartbeat_task_start
                0x000000000800095c                heartbeat_task_stop
                0x0000000008000978                heartbeat_task_is_running
                0x0000000008000984                heartbeat_task_deinit
 .text          0x0000000008000998      0x104 build/cmd_line_buffer.o
                0x0000000008000998                clb_init
                0x00000000080009a2                clb_is_empty
                0x00000000080009ac                clb_is_full
                0x00000000080009ba                clb_delc
                0x00000000080009c4                clb_is_cmd_ready
                0x00000000080009dc                clb_putc
                0x00000000080009fc                clb_consume_char
                0x0000000008000a24                clb_consume_str
                0x0000000008000a3e                clb_gets_at
                0x0000000008000a56                clb_gets
                0x0000000008000a5c                clb_process
 .text          0x0000000008000a9c      0x228 build/cmd_parser.o
                0x0000000008000c34                cmd_parse
 .text          0x0000000008000cc4       0x70 build/heartbeat_cmd.o
                0x0000000008000cc4                heartbeat_cmd
 .text          0x0000000008000d34      0x194 build/controller.o
                0x0000000008000d34                ctrl_init
                0x0000000008000d50                ctrl_set_state
                0x0000000008000d68                ctrl_set_x1
                0x0000000008000d74                ctrl_set_x2
                0x0000000008000d80                ctrl_set_x3
                0x0000000008000d8c                ctrl_set_x4
                0x0000000008000d98                ctrl_set_x5
                0x0000000008000da4                ctrl_set_x6
                0x0000000008000db0                ctrl_set_x7
                0x0000000008000dbc                ctrl_set_x8
                0x0000000008000dc8                ctrl_get_state
                0x0000000008000dd0                ctrl_run
 .text          0x0000000008000ec8      0x1f4 build/controller_cmd.o
                0x0000000008000ec8                controller_cmd
 .text          0x00000000080010bc      0x6e0 build/motor.o
                0x00000000080010bc                motor_pwm_init
                0x000000000800121c                motor_encoder_init
                0x00000000080013ac                motor1_get_position_radians
                0x00000000080013f8                motor2_get_position_radians
                0x0000000008001444                motor3_get_position_radians
                0x0000000008001490                motor1_get_velocity
                0x00000000080014b8                motor2_get_velocity
                0x00000000080014e0                motor3_get_velocity
                0x0000000008001508                motor1_set_V
                0x00000000080015bc                motor2_set_V
                0x000000000800166c                motor3_set_V
                0x000000000800171c                motor_set_voltage
                0x0000000008001746                motor_velocity_logging_task
 *fill*         0x000000000800179c        0x4 
 .text          0x00000000080017a0      0x268 build/data_logging.o
                0x00000000080017ac                logging_init
                0x00000000080017dc                logging_stop
                0x00000000080019d0                imu_logging_start
                0x00000000080019ec                encoder_logging_start
 .text          0x0000000008001a08      0x490 build/IMU.o
                0x0000000008001a08                IMU_init
                0x0000000008001a3c                IMU_read
                0x0000000008001a48                get_accX
                0x0000000008001a9c                get_accY
                0x0000000008001af4                get_accZ
                0x0000000008001b4c                get_gyroX
                0x0000000008001ba8                get_gyroY
                0x0000000008001c00                get_gyroZ
                0x0000000008001c7c                get_roll
                0x0000000008001cb6                get_pitch
                0x0000000008001cf2                IMU_calibrate
 .text          0x0000000008001e98      0x258 build/control_task.o
                0x00000000080020bc                control_task_init
 .text          0x00000000080020f0       0x14 build/startup_stm32f446xx.o
 .text          0x0000000008002104      0x20c build/stm32f4_HAL/stm32f4xx_hal.o
                0x0000000008002104                HAL_MspInit
                0x0000000008002106                HAL_MspDeInit
                0x0000000008002108                HAL_DeInit
                0x0000000008002134                HAL_InitTick
                0x0000000008002178                HAL_Init
                0x00000000080021ac                HAL_IncTick
                0x00000000080021c4                HAL_GetTick
                0x00000000080021d0                HAL_GetTickPrio
                0x00000000080021dc                HAL_SetTickFreq
                0x00000000080021fc                HAL_GetTickFreq
                0x0000000008002208                HAL_Delay
                0x0000000008002230                HAL_SuspendTick
                0x0000000008002240                HAL_ResumeTick
                0x0000000008002250                HAL_GetHalVersion
                0x0000000008002258                HAL_GetREVID
                0x0000000008002264                HAL_GetDEVID
                0x0000000008002274                HAL_DBGMCU_EnableDBGSleepMode
                0x0000000008002284                HAL_DBGMCU_DisableDBGSleepMode
                0x0000000008002294                HAL_DBGMCU_EnableDBGStopMode
                0x00000000080022a4                HAL_DBGMCU_DisableDBGStopMode
                0x00000000080022b4                HAL_DBGMCU_EnableDBGStandbyMode
                0x00000000080022c4                HAL_DBGMCU_DisableDBGStandbyMode
                0x00000000080022d4                HAL_EnableCompensationCell
                0x00000000080022e0                HAL_DisableCompensationCell
                0x00000000080022ec                HAL_GetUIDw0
                0x00000000080022f8                HAL_GetUIDw1
                0x0000000008002304                HAL_GetUIDw2
 .text          0x0000000008002310      0x630 build/stm32f4_HAL/stm32f4xx_hal_dma.o
                0x000000000800233c                HAL_DMA_Init
                0x000000000800243c                HAL_DMA_DeInit
                0x0000000008002490                HAL_DMA_Start
                0x00000000080024e4                HAL_DMA_Start_IT
                0x0000000008002558                HAL_DMA_Abort
                0x00000000080025e0                HAL_DMA_Abort_IT
                0x0000000008002604                HAL_DMA_PollForTransfer
                0x0000000008002712                HAL_DMA_IRQHandler
                0x000000000800288c                HAL_DMA_RegisterCallback
                0x00000000080028d4                HAL_DMA_UnRegisterCallback
                0x0000000008002936                HAL_DMA_GetState
                0x000000000800293c                HAL_DMA_GetError
 .text          0x0000000008002940      0x9c8 build/stm32f4_HAL/stm32f4xx_hal_adc.o
                0x0000000008002940                HAL_ADC_MspInit
                0x0000000008002942                HAL_ADC_Init
                0x0000000008002a90                HAL_ADC_MspDeInit
                0x0000000008002a92                HAL_ADC_DeInit
                0x0000000008002ac6                HAL_ADC_Start
                0x0000000008002bb0                HAL_ADC_Stop
                0x0000000008002be6                HAL_ADC_PollForConversion
                0x0000000008002c84                HAL_ADC_PollForEvent
                0x0000000008002cea                HAL_ADC_Start_IT
                0x0000000008002de0                HAL_ADC_Stop_IT
                0x0000000008002e28                HAL_ADC_Start_DMA
                0x0000000008002f4c                HAL_ADC_Stop_DMA
                0x0000000008002fa6                HAL_ADC_GetValue
                0x0000000008002fac                HAL_ADC_ConvCpltCallback
                0x0000000008002fae                HAL_ADC_ConvHalfCpltCallback
                0x0000000008002fba                HAL_ADC_LevelOutOfWindowCallback
                0x0000000008002fbc                HAL_ADC_ErrorCallback
                0x0000000008002fbe                HAL_ADC_IRQHandler
                0x0000000008003168                HAL_ADC_ConfigChannel
                0x00000000080032a0                HAL_ADC_AnalogWDGConfig
                0x0000000008003300                HAL_ADC_GetState
                0x0000000008003304                HAL_ADC_GetError
 .text          0x0000000008003308      0x6b0 build/stm32f4_HAL/stm32f4xx_hal_adc_ex.o
                0x0000000008003378                HAL_ADCEx_InjectedStart
                0x000000000800342c                HAL_ADCEx_InjectedStart_IT
                0x00000000080034e8                HAL_ADCEx_InjectedStop
                0x0000000008003542                HAL_ADCEx_InjectedPollForConversion
                0x00000000080035ca                HAL_ADCEx_InjectedStop_IT
                0x000000000800362c                HAL_ADCEx_InjectedGetValue
                0x000000000800365e                HAL_ADCEx_MultiModeStart_DMA
                0x0000000008003758                HAL_ADCEx_MultiModeStop_DMA
                0x00000000080037b8                HAL_ADCEx_MultiModeGetValue
                0x00000000080037c4                HAL_ADCEx_InjectedConvCpltCallback
                0x00000000080037c6                HAL_ADCEx_InjectedConfigChannel
                0x0000000008003968                HAL_ADCEx_MultiModeConfigChannel
 .text          0x00000000080039b8      0x344 build/stm32f4_HAL/stm32f4xx_hal_gpio.o
                0x00000000080039b8                HAL_GPIO_Init
                0x0000000008003b78                HAL_GPIO_DeInit
                0x0000000008003c94                HAL_GPIO_ReadPin
                0x0000000008003ca0                HAL_GPIO_WritePin
                0x0000000008003caa                HAL_GPIO_TogglePin
                0x0000000008003cb8                HAL_GPIO_LockPin
                0x0000000008003ce2                HAL_GPIO_EXTI_Callback
                0x0000000008003ce4                HAL_GPIO_EXTI_IRQHandler
 .text          0x0000000008003cfc      0x220 build/stm32f4_HAL/stm32f4xx_ll_gpio.o
                0x0000000008003d1c                LL_GPIO_DeInit
                0x0000000008003dc8                LL_GPIO_Init
                0x0000000008003f04                LL_GPIO_StructInit
 .text          0x0000000008003f1c      0x21c build/stm32f4_HAL/stm32f4xx_ll_usart.o
                0x0000000008003f1c                LL_USART_DeInit
                0x0000000008003fdc                LL_USART_Init
                0x00000000080040d8                LL_USART_StructInit
                0x00000000080040f0                LL_USART_ClockInit
                0x000000000800412a                LL_USART_ClockStructInit
 .text          0x0000000008004138      0x238 build/stm32f4_HAL/stm32f4xx_ll_dma.o
                0x0000000008004138                LL_DMA_DeInit
                0x00000000080042c8                LL_DMA_Init
                0x000000000800434c                LL_DMA_StructInit
 .text          0x0000000008004370      0x604 build/stm32f4_HAL/stm32f4xx_ll_rcc.o
                0x0000000008004380                LL_RCC_DeInit
                0x0000000008004430                LL_RCC_GetCECClockFreq
                0x0000000008004460                RCC_GetHCLKClockFreq
                0x0000000008004478                RCC_GetPCLK1ClockFreq
                0x0000000008004490                RCC_GetPCLK2ClockFreq
                0x00000000080044a8                RCC_PLL_GetFreqDomain_SYS
                0x00000000080044f0                RCC_GetSystemClockFreq
                0x0000000008004520                LL_RCC_GetSystemClocksFreq
                0x0000000008004540                LL_RCC_GetFMPI2CClockFreq
                0x0000000008004590                RCC_PLL_GetFreqDomain_48M
                0x00000000080045cc                RCC_PLL_GetFreqDomain_I2S
                0x0000000008004608                RCC_PLL_GetFreqDomain_SPDIFRX
                0x000000000800460c                RCC_PLL_GetFreqDomain_SAI
                0x0000000008004610                RCC_PLLSAI_GetFreqDomain_SAI
                0x0000000008004660                RCC_PLLSAI_GetFreqDomain_48M
                0x00000000080046a4                LL_RCC_GetSDIOClockFreq
                0x00000000080046ec                LL_RCC_GetUSBClockFreq
                0x0000000008004720                RCC_PLLI2S_GetFreqDomain_SAI
                0x0000000008004770                LL_RCC_GetSAIClockFreq
                0x0000000008004824                RCC_PLLI2S_GetFreqDomain_SPDIFRX
                0x0000000008004868                LL_RCC_GetSPDIFRXClockFreq
                0x000000000800489c                RCC_PLLI2S_GetFreqDomain_I2S
                0x00000000080048dc                LL_RCC_GetI2SClockFreq
 .text          0x0000000008004974     0x31e0 build/stm32f4_HAL/stm32f4xx_hal_i2c.o
                0x0000000008004d98                HAL_I2C_MspInit
                0x0000000008004d9a                HAL_I2C_Init
                0x0000000008004ee8                HAL_I2C_MspDeInit
                0x0000000008004eea                HAL_I2C_DeInit
                0x0000000008004f1c                HAL_I2C_Master_Transmit
                0x00000000080050cc                HAL_I2C_Master_Receive
                0x00000000080053ac                HAL_I2C_Slave_Transmit
                0x000000000800550c                HAL_I2C_Slave_Receive
                0x0000000008005688                HAL_I2C_Master_Transmit_IT
                0x0000000008005738                HAL_I2C_Master_Receive_IT
                0x00000000080057f0                HAL_I2C_Slave_Transmit_IT
                0x0000000008005860                HAL_I2C_Slave_Receive_IT
                0x00000000080058d0                HAL_I2C_Master_Transmit_DMA
                0x00000000080059fc                HAL_I2C_Master_Receive_DMA
                0x0000000008005b24                HAL_I2C_Slave_Transmit_DMA
                0x0000000008005be4                HAL_I2C_Slave_Receive_DMA
                0x0000000008005ca4                HAL_I2C_Mem_Write
                0x0000000008005dc4                HAL_I2C_Mem_Read
                0x0000000008005fd4                HAL_I2C_Mem_Write_IT
                0x0000000008006090                HAL_I2C_Mem_Read_IT
                0x000000000800615c                HAL_I2C_Mem_Write_DMA
                0x00000000080062a4                HAL_I2C_Mem_Read_DMA
                0x0000000008006430                HAL_I2C_IsDeviceReady
                0x0000000008006590                HAL_I2C_Master_Seq_Transmit_IT
                0x0000000008006660                HAL_I2C_Master_Seq_Transmit_DMA
                0x00000000080067d4                HAL_I2C_Master_Seq_Receive_IT
                0x00000000080068e0                HAL_I2C_Master_Seq_Receive_DMA
                0x0000000008006aac                HAL_I2C_Slave_Seq_Transmit_IT
                0x0000000008006b22                HAL_I2C_Slave_Seq_Transmit_DMA
                0x0000000008006c60                HAL_I2C_Slave_Seq_Receive_IT
                0x0000000008006cd6                HAL_I2C_Slave_Seq_Receive_DMA
                0x0000000008006e14                HAL_I2C_EnableListen_IT
                0x0000000008006e4a                HAL_I2C_DisableListen_IT
                0x0000000008006e88                HAL_I2C_MasterTxCpltCallback
                0x0000000008006e8a                HAL_I2C_MasterRxCpltCallback
                0x0000000008006e8c                HAL_I2C_SlaveTxCpltCallback
                0x0000000008006e8e                HAL_I2C_SlaveRxCpltCallback
                0x0000000008006e90                HAL_I2C_AddrCallback
                0x0000000008006e92                HAL_I2C_ListenCpltCallback
                0x0000000008006e94                HAL_I2C_MemTxCpltCallback
                0x0000000008006e96                HAL_I2C_MemRxCpltCallback
                0x0000000008006e98                HAL_I2C_ErrorCallback
                0x0000000008006fe6                HAL_I2C_AbortCpltCallback
                0x00000000080071b8                HAL_I2C_Master_Abort_IT
                0x0000000008007204                HAL_I2C_EV_IRQHandler
                0x0000000008007a10                HAL_I2C_ER_IRQHandler
                0x0000000008007b44                HAL_I2C_GetState
                0x0000000008007b4a                HAL_I2C_GetMode
                0x0000000008007b50                HAL_I2C_GetError
 .text          0x0000000008007b54       0x7c build/stm32f4_HAL/stm32f4xx_hal_i2c_ex.o
                0x0000000008007b54                HAL_I2CEx_ConfigAnalogFilter
                0x0000000008007b92                HAL_I2CEx_ConfigDigitalFilter
 .text          0x0000000008007bd0     0x1dfc build/stm32f4_HAL/stm32f4xx_hal_tim.o
                0x0000000008007cec                HAL_TIM_Base_MspInit
                0x0000000008007cee                HAL_TIM_Base_MspDeInit
                0x0000000008007cf0                HAL_TIM_Base_DeInit
                0x0000000008007d2a                HAL_TIM_Base_Start
                0x0000000008007d4e                HAL_TIM_Base_Stop
                0x0000000008007d7c                HAL_TIM_Base_Start_IT
                0x0000000008007d9c                HAL_TIM_Base_Stop_IT
                0x0000000008007dc6                HAL_TIM_Base_Start_DMA
                0x0000000008007e30                HAL_TIM_Base_Stop_DMA
                0x0000000008007e6c                HAL_TIM_OC_MspInit
                0x0000000008007e6e                HAL_TIM_OC_MspDeInit
                0x0000000008007e70                HAL_TIM_OC_DeInit
                0x0000000008007eaa                HAL_TIM_PWM_MspInit
                0x0000000008007eac                HAL_TIM_PWM_MspDeInit
                0x0000000008007eae                HAL_TIM_PWM_DeInit
                0x0000000008007ee8                HAL_TIM_IC_MspInit
                0x0000000008007eea                HAL_TIM_IC_MspDeInit
                0x0000000008007eec                HAL_TIM_IC_DeInit
                0x0000000008007f26                HAL_TIM_OnePulse_MspInit
                0x0000000008007f28                HAL_TIM_OnePulse_MspDeInit
                0x0000000008007f2a                HAL_TIM_OnePulse_DeInit
                0x0000000008007f64                HAL_TIM_OnePulse_Start
                0x0000000008007fa4                HAL_TIM_OnePulse_Stop
                0x000000000800800c                HAL_TIM_OnePulse_Start_IT
                0x000000000800805c                HAL_TIM_OnePulse_Stop_IT
                0x00000000080080d4                HAL_TIM_Encoder_MspInit
                0x00000000080080d6                HAL_TIM_Encoder_MspDeInit
                0x00000000080080d8                HAL_TIM_Encoder_DeInit
                0x0000000008008112                HAL_TIM_Encoder_Start
                0x0000000008008156                HAL_TIM_Encoder_Stop
                0x000000000800819e                HAL_TIM_Encoder_Start_IT
                0x000000000800820c                HAL_TIM_Encoder_Stop_IT
                0x0000000008008280                HAL_TIM_Encoder_Start_DMA
                0x00000000080083c4                HAL_TIM_Encoder_Stop_DMA
                0x0000000008008456                HAL_TIM_DMABurst_WriteStart
                0x0000000008008534                HAL_TIM_DMABurst_WriteStop
                0x0000000008008598                HAL_TIM_DMABurst_ReadStart
                0x000000000800867c                HAL_TIM_DMABurst_ReadStop
                0x0000000008008680                HAL_TIM_GenerateEvent
                0x00000000080086a4                HAL_TIM_ConfigTI1Input
                0x00000000080086b4                HAL_TIM_ReadCapturedValue
                0x00000000080086e0                HAL_TIM_PeriodElapsedCallback
                0x00000000080086f2                HAL_TIM_PeriodElapsedHalfCpltCallback
                0x0000000008008704                HAL_TIM_OC_DelayElapsedCallback
                0x0000000008008706                HAL_TIM_IC_CaptureCallback
                0x0000000008008708                TIM_DMACaptureCplt
                0x0000000008008744                HAL_TIM_IC_CaptureHalfCpltCallback
                0x0000000008008746                TIM_DMACaptureHalfCplt
                0x0000000008008782                HAL_TIM_PWM_PulseFinishedCallback
                0x0000000008008784                TIM_DMADelayPulseCplt
                0x00000000080087c0                HAL_TIM_PWM_PulseFinishedHalfCpltCallback
                0x00000000080087c2                TIM_DMADelayPulseHalfCplt
                0x00000000080087fe                HAL_TIM_TriggerCallback
                0x0000000008008800                HAL_TIM_IRQHandler
                0x0000000008008954                HAL_TIM_TriggerHalfCpltCallback
                0x0000000008008966                HAL_TIM_ErrorCallback
                0x0000000008008968                TIM_DMAError
                0x0000000008008978                HAL_TIM_Base_GetState
                0x000000000800897e                HAL_TIM_OC_GetState
                0x0000000008008984                HAL_TIM_PWM_GetState
                0x000000000800898a                HAL_TIM_IC_GetState
                0x0000000008008990                HAL_TIM_OnePulse_GetState
                0x0000000008008996                HAL_TIM_Encoder_GetState
                0x000000000800899c                TIM_Base_SetConfig
                0x0000000008008a68                HAL_TIM_Base_Init
                0x0000000008008a9c                HAL_TIM_OC_Init
                0x0000000008008ad0                HAL_TIM_PWM_Init
                0x0000000008008b04                HAL_TIM_IC_Init
                0x0000000008008b38                HAL_TIM_OnePulse_Init
                0x0000000008008b7e                HAL_TIM_Encoder_Init
                0x0000000008008c14                TIM_OC2_SetConfig
                0x0000000008008c80                HAL_TIM_OC_ConfigChannel
                0x0000000008008cd8                HAL_TIM_PWM_ConfigChannel
                0x0000000008008d98                TIM_TI1_SetConfig
                0x0000000008008e0c                HAL_TIM_IC_ConfigChannel
                0x0000000008008f22                HAL_TIM_OnePulse_ConfigChannel
                0x0000000008009018                TIM_ETR_SetConfig
                0x000000000800902c                HAL_TIM_ConfigOCrefClear
                0x00000000080090f8                HAL_TIM_ConfigClockSource
                0x00000000080092c8                HAL_TIM_SlaveConfigSynchro
                0x0000000008009316                HAL_TIM_SlaveConfigSynchro_IT
                0x0000000008009364                TIM_CCxChannelCmd
                0x0000000008009380                HAL_TIM_OC_Start
                0x00000000080093c0                HAL_TIM_PWM_Start
                0x00000000080093c4                HAL_TIM_OC_Stop
                0x0000000008009420                HAL_TIM_OC_Start_IT
                0x0000000008009490                HAL_TIM_PWM_Start_IT
                0x0000000008009494                HAL_TIM_OC_Stop_IT
                0x0000000008009524                HAL_TIM_PWM_Stop_IT
                0x0000000008009528                HAL_TIM_OC_Start_DMA
                0x0000000008009638                HAL_TIM_PWM_Start_DMA
                0x000000000800963c                HAL_TIM_OC_Stop_DMA
                0x00000000080096ec                HAL_TIM_PWM_Stop_DMA
                0x00000000080096f0                HAL_TIM_PWM_Stop
                0x0000000008009754                HAL_TIM_IC_Start
                0x0000000008009778                HAL_TIM_IC_Stop
                0x00000000080097a6                HAL_TIM_IC_Start_IT
                0x00000000080097fc                HAL_TIM_IC_Stop_IT
                0x000000000800985c                HAL_TIM_IC_Start_DMA
                0x000000000800994c                HAL_TIM_IC_Stop_DMA
 .text          0x00000000080099cc      0x820 build/stm32f4_HAL/stm32f4xx_hal_tim_ex.o
                0x00000000080099e8                HAL_TIMEx_HallSensor_MspInit
                0x00000000080099ea                HAL_TIMEx_HallSensor_Init
                0x0000000008009a98                HAL_TIMEx_HallSensor_MspDeInit
                0x0000000008009a9a                HAL_TIMEx_HallSensor_DeInit
                0x0000000008009ad4                HAL_TIMEx_HallSensor_Start
                0x0000000008009afa                HAL_TIMEx_HallSensor_Stop
                0x0000000008009b2a                HAL_TIMEx_HallSensor_Start_IT
                0x0000000008009b58                HAL_TIMEx_HallSensor_Stop_IT
                0x0000000008009b90                HAL_TIMEx_HallSensor_Start_DMA
                0x0000000008009c10                HAL_TIMEx_HallSensor_Stop_DMA
                0x0000000008009c50                HAL_TIMEx_OCN_Start
                0x0000000008009c7c                HAL_TIMEx_OCN_Stop
                0x0000000008009cc6                HAL_TIMEx_OCN_Start_IT
                0x0000000008009d1c                HAL_TIMEx_OCN_Stop_IT
                0x0000000008009d9a                HAL_TIMEx_OCN_Start_DMA
                0x0000000008009e6c                HAL_TIMEx_OCN_Stop_DMA
                0x0000000008009ef2                HAL_TIMEx_PWMN_Start
                0x0000000008009ef6                HAL_TIMEx_PWMN_Stop
                0x0000000008009efa                HAL_TIMEx_PWMN_Start_IT
                0x0000000008009efe                HAL_TIMEx_PWMN_Stop_IT
                0x0000000008009f02                HAL_TIMEx_PWMN_Start_DMA
                0x0000000008009f06                HAL_TIMEx_PWMN_Stop_DMA
                0x0000000008009f0a                HAL_TIMEx_OnePulseN_Start
                0x0000000008009f24                HAL_TIMEx_OnePulseN_Stop
                0x0000000008009f28                HAL_TIMEx_OnePulseN_Start_IT
                0x0000000008009f52                HAL_TIMEx_OnePulseN_Stop_IT
                0x0000000008009fac                HAL_TIMEx_ConfigCommutEvent
                0x000000000800a006                HAL_TIMEx_ConfigCommutEvent_IT
                0x000000000800a060                HAL_TIMEx_ConfigCommutEvent_DMA
                0x000000000800a0d4                HAL_TIMEx_MasterConfigSynchronization
                0x000000000800a154                HAL_TIMEx_ConfigBreakDeadTime
                0x000000000800a1a6                HAL_TIMEx_RemapConfig
                0x000000000800a1c0                HAL_TIMEx_CommutCallback
                0x000000000800a1c2                TIMEx_DMACommutationCplt
                0x000000000800a1d2                HAL_TIMEx_CommutHalfCpltCallback
                0x000000000800a1d4                TIMEx_DMACommutationHalfCplt
                0x000000000800a1e4                HAL_TIMEx_BreakCallback
                0x000000000800a1e6                HAL_TIMEx_HallSensor_GetState
 .text          0x000000000800a1ec        0x0 build/stm32f4_HAL/stm32f4xx_hal_rtc.o
 .text          0x000000000800a1ec      0x6d0 build/stm32f4_HAL/stm32f4xx_hal_rcc.o
                0x000000000800a53a                HAL_RCC_MCOConfig
                0x000000000800a5d4                HAL_RCC_EnableCSS
                0x000000000800a5e0                HAL_RCC_DisableCSS
                0x000000000800a648                HAL_RCC_ClockConfig
                0x000000000800a780                HAL_RCC_GetHCLKFreq
                0x000000000800a78c                HAL_RCC_GetPCLK1Freq
                0x000000000800a7ac                HAL_RCC_GetPCLK2Freq
                0x000000000800a860                HAL_RCC_GetClockConfig
                0x000000000800a89c                HAL_RCC_CSSCallback
                0x000000000800a89e                HAL_RCC_NMI_IRQHandler
 .text          0x000000000800a8bc      0xdb4 build/stm32f4_HAL/stm32f4xx_hal_rcc_ex.o
                0x000000000800a8bc                HAL_RCCEx_PeriphCLKConfig
                0x000000000800acc8                HAL_RCCEx_GetPeriphCLKConfig
                0x000000000800adc4                HAL_RCCEx_GetPeriphCLKFreq
                0x000000000800af6c                HAL_RCCEx_SelectLSEMode
                0x000000000800af84                HAL_RCCEx_EnablePLLI2S
                0x000000000800aff8                HAL_RCCEx_DisablePLLI2S
                0x000000000800b02c                HAL_RCCEx_EnablePLLSAI
                0x000000000800b098                HAL_RCCEx_DisablePLLSAI
                0x000000000800b0cc                HAL_RCC_GetSysClockFreq
                0x000000000800b15c                HAL_RCC_DeInit
                0x000000000800b2b0                HAL_RCC_OscConfig
                0x000000000800b5d4                HAL_RCC_GetOscConfig
 .text          0x000000000800b670      0x1ac build/stm32f4_HAL/stm32f4xx_hal_pwr.o
                0x000000000800b670                HAL_PWR_DeInit
                0x000000000800b688                HAL_PWR_EnableBkUpAccess
                0x000000000800b694                HAL_PWR_DisableBkUpAccess
                0x000000000800b6a0                HAL_PWR_ConfigPVD
                0x000000000800b710                HAL_PWR_EnablePVD
                0x000000000800b71c                HAL_PWR_DisablePVD
                0x000000000800b728                HAL_PWR_EnableWakeUpPin
                0x000000000800b738                HAL_PWR_DisableWakeUpPin
                0x000000000800b748                HAL_PWR_EnterSLEEPMode
                0x000000000800b768                HAL_PWR_EnterSTOPMode
                0x000000000800b7a0                HAL_PWR_EnterSTANDBYMode
                0x000000000800b7c0                HAL_PWR_PVDCallback
                0x000000000800b7c2                HAL_PWR_PVD_IRQHandler
                0x000000000800b7dc                HAL_PWR_EnableSleepOnExit
                0x000000000800b7ec                HAL_PWR_DisableSleepOnExit
                0x000000000800b7fc                HAL_PWR_EnableSEVOnPend
                0x000000000800b80c                HAL_PWR_DisableSEVOnPend
 .text          0x000000000800b81c      0x298 build/stm32f4_HAL/stm32f4xx_hal_pwr_ex.o
                0x000000000800b81c                HAL_PWREx_EnableBkUpReg
                0x000000000800b850                HAL_PWREx_DisableBkUpReg
                0x000000000800b884                HAL_PWREx_EnableFlashPowerDown
                0x000000000800b890                HAL_PWREx_DisableFlashPowerDown
                0x000000000800b89c                HAL_PWREx_GetVoltageRange
                0x000000000800b8ac                HAL_PWREx_ControlVoltageScaling
                0x000000000800b95c                HAL_PWREx_EnableOverDrive
                0x000000000800b9d4                HAL_PWREx_DisableOverDrive
                0x000000000800ba4c                HAL_PWREx_EnterUnderDriveSTOPMode
 .text          0x000000000800bab4      0x2d0 build/stm32f4_HAL/stm32f4xx_hal_cortex.o
                0x000000000800bab4                HAL_NVIC_SetPriorityGrouping
                0x000000000800bad8                HAL_NVIC_SetPriority
                0x000000000800bb3c                HAL_NVIC_EnableIRQ
                0x000000000800bb58                HAL_NVIC_DisableIRQ
                0x000000000800bb80                HAL_NVIC_SystemReset
                0x000000000800bba4                HAL_SYSTICK_Config
                0x000000000800bbd0                HAL_MPU_Disable
                0x000000000800bbf0                HAL_MPU_Enable
                0x000000000800bc14                HAL_MPU_ConfigRegion
                0x000000000800bc6c                HAL_NVIC_GetPriorityGrouping
                0x000000000800bc7c                HAL_NVIC_GetPriority
                0x000000000800bcd8                HAL_NVIC_SetPendingIRQ
                0x000000000800bcf8                HAL_NVIC_GetPendingIRQ
                0x000000000800bd1c                HAL_NVIC_ClearPendingIRQ
                0x000000000800bd3c                HAL_NVIC_GetActive
                0x000000000800bd60                HAL_SYSTICK_CLKSourceConfig
                0x000000000800bd78                HAL_SYSTICK_Callback
                0x000000000800bd7a                HAL_SYSTICK_IRQHandler
 .text          0x000000000800bd84     0x1828 build/stm32f4_HAL/stm32f4xx_hal_spi.o
                0x000000000800bf28                HAL_SPI_MspInit
                0x000000000800bf2a                HAL_SPI_Init
                0x000000000800bfae                HAL_SPI_MspDeInit
                0x000000000800bfb0                HAL_SPI_DeInit
                0x000000000800bfdc                HAL_SPI_Transmit
                0x000000000800c156                HAL_SPI_TransmitReceive
                0x000000000800c3d6                HAL_SPI_Receive
                0x000000000800c596                HAL_SPI_Transmit_IT
                0x000000000800c63c                HAL_SPI_TransmitReceive_IT
                0x000000000800c704                HAL_SPI_Receive_IT
                0x000000000800c7cc                HAL_SPI_Transmit_DMA
                0x000000000800c8a4                HAL_SPI_TransmitReceive_DMA
                0x000000000800c9c8                HAL_SPI_Receive_DMA
                0x000000000800cacc                HAL_SPI_Abort
                0x000000000800cbf4                HAL_SPI_DMAPause
                0x000000000800cc14                HAL_SPI_DMAResume
                0x000000000800cc34                HAL_SPI_DMAStop
                0x000000000800cc7a                HAL_SPI_TxCpltCallback
                0x000000000800cc7c                HAL_SPI_RxCpltCallback
                0x000000000800cc7e                HAL_SPI_TxRxCpltCallback
                0x000000000800cc80                HAL_SPI_TxHalfCpltCallback
                0x000000000800cc8c                HAL_SPI_RxHalfCpltCallback
                0x000000000800cc98                HAL_SPI_TxRxHalfCpltCallback
                0x000000000800cca4                HAL_SPI_ErrorCallback
                0x000000000800d266                HAL_SPI_IRQHandler
                0x000000000800d380                HAL_SPI_AbortCpltCallback
                0x000000000800d382                HAL_SPI_Abort_IT
                0x000000000800d5a0                HAL_SPI_GetState
                0x000000000800d5a6                HAL_SPI_GetError
 .text          0x000000000800d5ac      0x2d0 build/stm32f4_HAL/stm32f4xx_hal_dac.o
                0x000000000800d5ac                HAL_DAC_MspInit
                0x000000000800d5ae                HAL_DAC_Init
                0x000000000800d5d4                HAL_DAC_MspDeInit
                0x000000000800d5d6                HAL_DAC_DeInit
                0x000000000800d5f2                HAL_DAC_Start
                0x000000000800d64c                HAL_DAC_Stop
                0x000000000800d664                HAL_DAC_Start_DMA
                0x000000000800d734                HAL_DAC_Stop_DMA
                0x000000000800d76c                HAL_DAC_GetValue
                0x000000000800d778                HAL_DAC_ConvCpltCallbackCh1
                0x000000000800d78a                HAL_DAC_ConvHalfCpltCallbackCh1
                0x000000000800d796                HAL_DAC_ErrorCallbackCh1
                0x000000000800d7b0                HAL_DAC_DMAUnderrunCallbackCh1
                0x000000000800d7b2                HAL_DAC_IRQHandler
                0x000000000800d80a                HAL_DAC_ConfigChannel
                0x000000000800d84e                HAL_DAC_SetValue
                0x000000000800d872                HAL_DAC_GetState
                0x000000000800d876                HAL_DAC_GetError
 .text          0x000000000800d87c       0xc4 build/stm32f4_HAL/stm32f4xx_hal_dac_ex.o
                0x000000000800d87c                HAL_DACEx_DualGetValue
                0x000000000800d888                HAL_DACEx_TriangleWaveGenerate
                0x000000000800d8bc                HAL_DACEx_NoiseWaveGenerate
                0x000000000800d8f0                HAL_DACEx_DualSetValue
                0x000000000800d906                HAL_DACEx_ConvCpltCallbackCh2
                0x000000000800d908                HAL_DACEx_ConvHalfCpltCallbackCh2
                0x000000000800d90a                HAL_DACEx_ErrorCallbackCh2
                0x000000000800d90c                HAL_DACEx_DMAUnderrunCallbackCh2
                0x000000000800d90e                DAC_DMAConvCpltCh2
                0x000000000800d91e                DAC_DMAHalfConvCpltCh2
                0x000000000800d928                DAC_DMAErrorCh2
 .text          0x000000000800d940      0x880 build/stm32f4_HAL/stm32f4xx_hal_can.o
                0x000000000800d940                HAL_CAN_MspInit
                0x000000000800d942                HAL_CAN_Init
                0x000000000800da38                HAL_CAN_MspDeInit
                0x000000000800da3a                HAL_CAN_ConfigFilter
                0x000000000800db50                HAL_CAN_Start
                0x000000000800dbac                HAL_CAN_Stop
                0x000000000800dc08                HAL_CAN_DeInit
                0x000000000800dc30                HAL_CAN_RequestSleep
                0x000000000800dc54                HAL_CAN_WakeUp
                0x000000000800dca4                HAL_CAN_IsSleepActive
                0x000000000800dcba                HAL_CAN_AddTxMessage
                0x000000000800dd5a                HAL_CAN_AbortTxRequest
                0x000000000800dda0                HAL_CAN_GetTxMailboxesFreeLevel
                0x000000000800ddc8                HAL_CAN_IsTxMessagePending
                0x000000000800ddea                HAL_CAN_GetTxTimestamp
                0x000000000800de0e                HAL_CAN_GetRxMessage
                0x000000000800defc                HAL_CAN_GetRxFifoFillLevel
                0x000000000800df1a                HAL_CAN_ActivateNotification
                0x000000000800df3c                HAL_CAN_DeactivateNotification
                0x000000000800df60                HAL_CAN_TxMailbox0CompleteCallback
                0x000000000800df62                HAL_CAN_TxMailbox1CompleteCallback
                0x000000000800df64                HAL_CAN_TxMailbox2CompleteCallback
                0x000000000800df66                HAL_CAN_TxMailbox0AbortCallback
                0x000000000800df68                HAL_CAN_TxMailbox1AbortCallback
                0x000000000800df6a                HAL_CAN_TxMailbox2AbortCallback
                0x000000000800df6c                HAL_CAN_RxFifo0MsgPendingCallback
                0x000000000800df6e                HAL_CAN_RxFifo0FullCallback
                0x000000000800df70                HAL_CAN_RxFifo1MsgPendingCallback
                0x000000000800df72                HAL_CAN_RxFifo1FullCallback
                0x000000000800df74                HAL_CAN_SleepCallback
                0x000000000800df76                HAL_CAN_WakeUpFromRxMsgCallback
                0x000000000800df78                HAL_CAN_ErrorCallback
                0x000000000800df7a                HAL_CAN_IRQHandler
                0x000000000800e176                HAL_CAN_GetState
                0x000000000800e19c                HAL_CAN_GetError
                0x000000000800e1a0                HAL_CAN_ResetError
 .text          0x000000000800e1c0        0x0 build/FreeRTOS/croutine.o
 .text          0x000000000800e1c0      0x274 build/FreeRTOS/event_groups.o
                0x000000000800e1c0                xEventGroupCreateStatic
                0x000000000800e1d8                xEventGroupCreate
                0x000000000800e1f4                xEventGroupWaitBits
                0x000000000800e2ac                xEventGroupClearBits
                0x000000000800e2c6                vEventGroupClearBitsCallback
                0x000000000800e2ca                xEventGroupClearBitsFromISR
                0x000000000800e2dc                xEventGroupGetBitsFromISR
                0x000000000800e2f8                xEventGroupSetBits
                0x000000000800e354                xEventGroupSync
                0x000000000800e3e8                vEventGroupSetBitsCallback
                0x000000000800e3ec                vEventGroupDelete
                0x000000000800e416                xEventGroupSetBitsFromISR
                0x000000000800e428                uxEventGroupGetNumber
                0x000000000800e42e                vEventGroupSetNumber
 .text          0x000000000800e434       0x82 build/FreeRTOS/list.o
                0x000000000800e434                vListInitialise
                0x000000000800e44a                vListInitialiseItem
                0x000000000800e450                vListInsertEnd
                0x000000000800e468                vListInsert
                0x000000000800e496                uxListRemove
 *fill*         0x000000000800e4b6        0x2 
 .text          0x000000000800e4b8      0x8fc build/FreeRTOS/queue.o
                0x000000000800e5d4                xQueueGenericReset
                0x000000000800e640                xQueueGenericCreateStatic
                0x000000000800e66c                xQueueGenericCreate
                0x000000000800e6a6                xQueueGetMutexHolder
                0x000000000800e6c0                xQueueGetMutexHolderFromISR
                0x000000000800e6cc                xQueueCreateCountingSemaphoreStatic
                0x000000000800e6e6                xQueueCreateCountingSemaphore
                0x000000000800e6f8                xQueueGenericSend
                0x000000000800e7fc                xQueueCreateMutexStatic
                0x000000000800e826                xQueueGiveMutexRecursive
                0x000000000800e84e                xQueueCreateMutex
                0x000000000800e872                xQueueGenericSendFromISR
                0x000000000800e8dc                xQueueGiveFromISR
                0x000000000800e938                xQueueReceive
                0x000000000800ea28                xQueueSemaphoreTake
                0x000000000800eb50                xQueueTakeMutexRecursive
                0x000000000800eb80                xQueuePeek
                0x000000000800ec70                xQueueReceiveFromISR
                0x000000000800ecd8                xQueuePeekFromISR
                0x000000000800ed08                uxQueueMessagesWaiting
                0x000000000800ed1e                uxQueueSpacesAvailable
                0x000000000800ed38                uxQueueMessagesWaitingFromISR
                0x000000000800ed3c                vQueueDelete
                0x000000000800ed48                uxQueueGetQueueNumber
                0x000000000800ed4c                vQueueSetQueueNumber
                0x000000000800ed50                ucQueueGetQueueType
                0x000000000800ed56                xQueueIsQueueEmptyFromISR
                0x000000000800ed60                xQueueIsQueueFullFromISR
                0x000000000800ed6c                vQueueWaitForMessageRestricted
 .text          0x000000000800edb4     0x12d4 build/FreeRTOS/tasks.o
                0x000000000800f084                xTaskCreateStatic
                0x000000000800f0b8                xTaskCreate
                0x000000000800f114                vTaskDelete
                0x000000000800f198                eTaskGetState
                0x000000000800f200                uxTaskPriorityGet
                0x000000000800f220                uxTaskPriorityGetFromISR
                0x000000000800f248                vTaskPrioritySet
                0x000000000800f2f8                vTaskResume
                0x000000000800f37c                xTaskResumeFromISR
                0x000000000800f404                vTaskStartScheduler
                0x000000000800f47c                vTaskEndScheduler
                0x000000000800f49c                vTaskSuspendAll
                0x000000000800f4b0                xTaskGetTickCount
                0x000000000800f4bc                xTaskGetTickCountFromISR
                0x000000000800f4c8                uxTaskGetNumberOfTasks
                0x000000000800f4d4                pcTaskGetName
                0x000000000800f4e4                xTaskIncrementTick
                0x000000000800f5c8                xTaskResumeAll
                0x000000000800f68c                vTaskDelayUntil
                0x000000000800f6dc                vTaskDelay
                0x000000000800f70c                xTaskCatchUpTicks
                0x000000000800f72c                vTaskSwitchContext
                0x000000000800f790                vTaskSuspend
                0x000000000800f820                vTaskPlaceOnEventList
                0x000000000800f840                vTaskPlaceOnUnorderedEventList
                0x000000000800f868                vTaskPlaceOnEventListRestricted
                0x000000000800f890                xTaskRemoveFromEventList
                0x000000000800f8f8                vTaskRemoveFromUnorderedEventList
                0x000000000800f94c                vTaskSetTimeOutState
                0x000000000800f970                vTaskInternalSetTimeOutState
                0x000000000800f984                xTaskCheckForTimeOut
                0x000000000800f9d4                vTaskMissedYield
                0x000000000800f9e4                uxTaskGetTaskNumber
                0x000000000800f9ea                vTaskSetTaskNumber
                0x000000000800f9f0                vTaskGetInfo
                0x000000000800faca                uxTaskGetSystemState
                0x000000000800fb60                uxTaskGetStackHighWaterMark
                0x000000000800fb80                xTaskGetCurrentTaskHandle
                0x000000000800fb8c                xTaskGetSchedulerState
                0x000000000800fbac                xTaskPriorityInherit
                0x000000000800fc2c                xTaskPriorityDisinherit
                0x000000000800fc88                vTaskPriorityDisinheritAfterTimeout
                0x000000000800fcf8                uxTaskResetEventItemValue
                0x000000000800fd10                pvTaskIncrementMutexHeldCount
                0x000000000800fd28                ulTaskNotifyTake
                0x000000000800fd94                xTaskNotifyWait
                0x000000000800fe28                xTaskGenericNotify
                0x000000000800fed8                xTaskGenericNotifyFromISR
                0x000000000800ff98                vTaskNotifyGiveFromISR
                0x0000000008010028                xTaskNotifyStateClear
                0x0000000008010054                ulTaskNotifyValueClear
 .text          0x0000000008010088      0x49c build/FreeRTOS/timers.o
                0x0000000008010104                xTimerCreateTimerTask
                0x0000000008010154                xTimerCreate
                0x000000000801019a                xTimerCreateStatic
                0x00000000080101da                xTimerGenericCommand
                0x000000000801042c                xTimerGetTimerDaemonTaskHandle
                0x0000000008010438                xTimerGetPeriod
                0x000000000801043c                vTimerSetReloadMode
                0x0000000008010462                uxTimerGetReloadMode
                0x000000000801047e                xTimerGetExpiryTime
                0x0000000008010482                pcTimerGetName
                0x0000000008010486                xTimerIsTimerActive
                0x00000000080104a2                pvTimerGetTimerID
                0x00000000080104b8                vTimerSetTimerID
                0x00000000080104cc                xTimerPendFunctionCallFromISR
                0x00000000080104f4                xTimerPendFunctionCall
                0x000000000801051c                uxTimerGetTimerNumber
                0x0000000008010520                vTimerSetTimerNumber
 .text          0x0000000008010524      0x532 build/FreeRTOS/stream_buffer.o
                0x00000000080105c4                xStreamBufferGenericCreate
                0x0000000008010600                xStreamBufferGenericCreateStatic
                0x0000000008010640                vStreamBufferDelete
                0x0000000008010652                xStreamBufferReset
                0x0000000008010698                xStreamBufferSetTriggerLevel
                0x00000000080106ac                xStreamBufferSpacesAvailable
                0x00000000080106c0                xStreamBufferBytesAvailable
                0x00000000080106c2                xStreamBufferSend
                0x00000000080107a0                xStreamBufferSendFromISR
                0x0000000008010834                xStreamBufferReceive
                0x00000000080108ec                xStreamBufferNextMessageLengthBytes
                0x000000000801091a                xStreamBufferReceiveFromISR
                0x00000000080109ae                xStreamBufferIsEmpty
                0x00000000080109ba                xStreamBufferIsFull
                0x00000000080109d6                xStreamBufferSendCompletedFromISR
                0x0000000008010a0e                xStreamBufferReceiveCompletedFromISR
                0x0000000008010a46                uxStreamBufferGetStreamBufferNumber
                0x0000000008010a4a                vStreamBufferSetStreamBufferNumber
                0x0000000008010a4e                ucStreamBufferGetStreamBufferType
 *fill*         0x0000000008010a56        0x2 
 .text          0x0000000008010a58     0x114c build/FreeRTOS/cmsis_os2.o
                0x0000000008010a96                SysTick_Handler
                0x0000000008010ab4                osKernelInitialize
                0x0000000008010ae0                osKernelGetInfo
                0x0000000008010b0c                osKernelGetState
                0x0000000008010b2c                osKernelStart
                0x0000000008010b6c                osKernelLock
                0x0000000008010b98                osKernelUnlock
                0x0000000008010bd0                osKernelRestoreLock
                0x0000000008010c14                osKernelGetTickCount
                0x0000000008010c2c                osKernelGetTickFreq
                0x0000000008010c32                osKernelGetSysTimerCount
                0x0000000008010c72                osKernelGetSysTimerFreq
                0x0000000008010c7c                osThreadNew
                0x0000000008010d12                osThreadGetName
                0x0000000008010d2c                osThreadGetId
                0x0000000008010d30                osThreadGetState
                0x0000000008010d58                osThreadGetStackSpace
                0x0000000008010d72                osThreadSetPriority
                0x0000000008010da0                osThreadGetPriority
                0x0000000008010dbc                osThreadYield
                0x0000000008010de0                osThreadSuspend
                0x0000000008010e04                osThreadResume
                0x0000000008010e28                osThreadExit
                0x0000000008010e32                osThreadTerminate
                0x0000000008010e66                osThreadGetCount
                0x0000000008010e7a                osThreadEnumerate
                0x0000000008010ee4                osThreadFlagsSet
                0x0000000008010f64                osThreadFlagsClear
                0x0000000008010fb4                osThreadFlagsGet
                0x0000000008010fe2                osThreadFlagsWait
                0x000000000801107c                osDelay
                0x000000000801109a                osDelayUntil
                0x00000000080110ca                osTimerNew
                0x0000000008011144                osTimerGetName
                0x000000000801115e                osTimerStart
                0x0000000008011194                osTimerStop
                0x00000000080111d6                osTimerIsRunning
                0x00000000080111f0                osTimerDelete
                0x0000000008011236                osEventFlagsNew
                0x0000000008011262                osEventFlagsSet
                0x00000000080112bc                osEventFlagsClear
                0x0000000008011302                osEventFlagsGet
                0x0000000008011324                osEventFlagsWait
                0x0000000008011388                osEventFlagsDelete
                0x00000000080113ac                osMutexNew
                0x0000000008011406                osMutexAcquire
                0x000000000801144c                osMutexRelease
                0x000000000801148c                osMutexGetOwner
                0x00000000080114a8                osMutexDelete
                0x00000000080114ce                osSemaphoreNew
                0x000000000801155c                osSemaphoreAcquire
                0x00000000080115c0                osSemaphoreRelease
                0x0000000008011618                osSemaphoreGetCount
                0x000000000801163a                osSemaphoreDelete
                0x000000000801165e                osMessageQueueNew
                0x00000000080116c2                osMessageQueuePut
                0x0000000008011730                osMessageQueueGet
                0x000000000801179c                osMessageQueueGetCapacity
                0x00000000080117a2                osMessageQueueGetMsgSize
                0x00000000080117a8                osMessageQueueGetCount
                0x00000000080117ac                osMessageQueueGetSpace
                0x00000000080117e2                osMessageQueueReset
                0x0000000008011808                osMessageQueueDelete
                0x000000000801180c                osMemoryPoolNew
                0x00000000080118f8                osMemoryPoolGetName
                0x000000000801190e                osMemoryPoolAlloc
                0x00000000080119c4                osMemoryPoolFree
                0x0000000008011a80                osMemoryPoolGetCapacity
                0x0000000008011a98                osMemoryPoolGetBlockSize
                0x0000000008011ab0                osMemoryPoolGetCount
                0x0000000008011ae0                osMemoryPoolGetSpace
                0x0000000008011b10                osMemoryPoolDelete
                0x0000000008011b6c                vApplicationGetIdleTaskMemory
                0x0000000008011b88                vApplicationGetTimerTaskMemory
 .text          0x0000000008011ba4        0x2 build/FreeRTOS/clib_arm.o
                0x0000000008011ba4                software_init_hook
 *fill*         0x0000000008011ba6        0x2 
 .text          0x0000000008011ba8       0xe0 build/FreeRTOS/os_systick.o
                0x0000000008011ba8                OS_Tick_Setup
                0x0000000008011be8                OS_Tick_Enable
                0x0000000008011c14                OS_Tick_Disable
                0x0000000008011c40                OS_Tick_AcknowledgeIRQ
                0x0000000008011c4c                OS_Tick_GetIRQn
                0x0000000008011c52                OS_Tick_GetClock
                0x0000000008011c5c                OS_Tick_GetInterval
                0x0000000008011c68                OS_Tick_GetCount
                0x0000000008011c78                OS_Tick_GetOverflow
 .text          0x0000000008011c88       0x8c build/FreeRTOS/heap_useNewlib.o
                0x0000000008011c88                sbrk
                0x0000000008011cd8                _sbrk
                0x0000000008011cdc                __malloc_lock
                0x0000000008011ce0                __malloc_unlock
                0x0000000008011ce4                __env_lock
                0x0000000008011ce8                __env_unlock
                0x0000000008011cec                pvPortMalloc
                0x0000000008011cf0                vPortFree
                0x0000000008011cf4                xPortGetFreeHeapSize
                0x0000000008011d10                vPortInitialiseBlocks
 *fill*         0x0000000008011d14        0xc 
 .text          0x0000000008011d20      0x1f8 build/FreeRTOS/port.o
                0x0000000008011d70                pxPortInitialiseStack
                0x0000000008011d9c                SVC_Handler
                0x0000000008011dc4                vPortEndScheduler
                0x0000000008011dc6                vPortEnterCritical
                0x0000000008011de4                vPortExitCritical
                0x0000000008011df8                PendSV_Handler
                0x0000000008011e64                xPortSysTickHandler
                0x0000000008011e94                vPortSetupTimerInterrupt
                0x0000000008011ec8                xPortStartScheduler
 .text          0x0000000008011f18      0x308 build/tm_stm32_gpio.o
                0x0000000008011f18                TM_GPIO_DeInit
                0x0000000008011f60                TM_GPIO_SetPinAsInput
                0x0000000008011f84                TM_GPIO_SetPinAsOutput
                0x0000000008011fb0                TM_GPIO_SetPinAsAnalog
                0x0000000008011fd2                TM_GPIO_SetPinAsAlternate
                0x0000000008011ffe                TM_GPIO_SetPullResistor
                0x0000000008012028                TM_GPIO_Lock
                0x0000000008012038                TM_GPIO_GetPinSource
                0x000000000801204c                TM_GPIO_GetPortSource
                0x000000000801205a                TM_GPIO_INT_EnableClock
                0x000000000801207c                TM_GPIO_INT_DisableClock
                0x00000000080120a0                TM_GPIO_INT_Init
                0x0000000008012154                TM_GPIO_Init
                0x0000000008012186                TM_GPIO_InitAlternate
                0x00000000080121ec                TM_GPIO_GetUsedPins
                0x0000000008012204                TM_GPIO_GetFreePins
 .text          0x0000000008012220      0x424 build/tm_stm32_i2c.o
                0x0000000008012220                TM_I2C_GetHandle
                0x0000000008012258                TM_I2C_Read
                0x000000000801229c                TM_I2C_ReadMulti
                0x00000000080122e2                TM_I2C_ReadNoRegister
                0x0000000008012308                TM_I2C_ReadMultiNoRegister
                0x0000000008012332                TM_I2C_Write
                0x0000000008012362                TM_I2C_WriteMulti
                0x0000000008012398                TM_I2C_WriteNoRegister
                0x00000000080123c2                TM_I2C_WriteMultiNoRegister
                0x00000000080123ec                TM_I2C_Write16
                0x000000000801241e                TM_I2C_Read16
                0x0000000008012466                TM_I2C_IsDeviceConnected
                0x000000000801247c                TM_I2C_WriteReadRepeatedStart
                0x00000000080124ce                TM_I2C_InitCustomPinsCallback
                0x00000000080124d0                TM_I2C_Init
 .text          0x0000000008012644      0x390 build/tm_stm32_mpu6050.o
                0x0000000008012644                TM_MPU6050_SetGyroscope
                0x00000000080126ac                TM_MPU6050_SetAccelerometer
                0x000000000801270c                TM_MPU6050_SetDataRate
                0x0000000008012728                TM_MPU6050_Init
                0x00000000080127c0                TM_MPU6050_EnableInterrupts
                0x0000000008012800                TM_MPU6050_DisableInterrupts
                0x000000000801281c                TM_MPU6050_ReadInterrupts
                0x0000000008012848                TM_MPU6050_ReadAccelerometer
                0x0000000008012890                TM_MPU6050_ReadGyroscope
                0x00000000080128d8                TM_MPU6050_ReadTemperature
                0x0000000008012928                TM_MPU6050_ReadAll
 .text          0x00000000080129d4        0x0 /opt/homebrew/Cellar/gcc-arm-none-eabi/20200630/bin/../lib/gcc/arm-none-eabi/9.3.1/../../../../arm-none-eabi/lib/thumb/v7e-m+fp/hard/libm.a(lib_a-wf_atan2.o)
 .text          0x00000000080129d4        0x0 /opt/homebrew/Cellar/gcc-arm-none-eabi/20200630/bin/../lib/gcc/arm-none-eabi/9.3.1/../../../../arm-none-eabi/lib/thumb/v7e-m+fp/hard/libm.a(lib_a-wf_sqrt.o)
 .text          0x00000000080129d4        0x0 /opt/homebrew/Cellar/gcc-arm-none-eabi/20200630/bin/../lib/gcc/arm-none-eabi/9.3.1/../../../../arm-none-eabi/lib/thumb/v7e-m+fp/hard/libm.a(lib_a-ef_atan2.o)
 .text          0x00000000080129d4        0x0 /opt/homebrew/Cellar/gcc-arm-none-eabi/20200630/bin/../lib/gcc/arm-none-eabi/9.3.1/../../../../arm-none-eabi/lib/thumb/v7e-m+fp/hard/libm.a(lib_a-ef_sqrt.o)
 .text          0x00000000080129d4        0x0 /opt/homebrew/Cellar/gcc-arm-none-eabi/20200630/bin/../lib/gcc/arm-none-eabi/9.3.1/../../../../arm-none-eabi/lib/thumb/v7e-m+fp/hard/libm.a(lib_a-s_lib_ver.o)
 .text          0x00000000080129d4        0x0 /opt/homebrew/Cellar/gcc-arm-none-eabi/20200630/bin/../lib/gcc/arm-none-eabi/9.3.1/../../../../arm-none-eabi/lib/thumb/v7e-m+fp/hard/libm.a(lib_a-sf_atan.o)
 .text          0x00000000080129d4        0x0 /opt/homebrew/Cellar/gcc-arm-none-eabi/20200630/bin/../lib/gcc/arm-none-eabi/9.3.1/../../../../arm-none-eabi/lib/thumb/v7e-m+fp/hard/libm.a(lib_a-sf_fabs.o)
 .text          0x00000000080129d4      0x254 /opt/homebrew/Cellar/gcc-arm-none-eabi/20200630/bin/../lib/gcc/arm-none-eabi/9.3.1/thumb/v7e-m+fp/hard/libgcc.a(_arm_muldf3.o)
 .text          0x0000000008012c28      0x378 /opt/homebrew/Cellar/gcc-arm-none-eabi/20200630/bin/../lib/gcc/arm-none-eabi/9.3.1/thumb/v7e-m+fp/hard/libgcc.a(_arm_addsubdf3.o)
                0x0000000008012c28                __aeabi_drsub
                0x0000000008012c30                __subdf3
                0x0000000008012c30                __aeabi_dsub
                0x0000000008012c34                __aeabi_dadd
                0x0000000008012c34                __adddf3
                0x0000000008012eac                __aeabi_ui2d
                0x0000000008012eac                __floatunsidf
                0x0000000008012ecc                __floatsidf
                0x0000000008012ecc                __aeabi_i2d
                0x0000000008012ef0                __extendsfdf2
                0x0000000008012ef0                __aeabi_f2d
                0x0000000008012f34                __aeabi_ul2d
                0x0000000008012f34                __floatundidf
                0x0000000008012f44                __aeabi_l2d
                0x0000000008012f44                __floatdidf
 .text          0x0000000008012fa0      0x424 /opt/homebrew/Cellar/gcc-arm-none-eabi/20200630/bin/../lib/gcc/arm-none-eabi/9.3.1/thumb/v7e-m+fp/hard/libgcc.a(_arm_muldivdf3.o)
                0x0000000008012fa0                __aeabi_dmul
                0x0000000008012fa0                __muldf3
                0x00000000080131f4                __aeabi_ddiv
                0x00000000080131f4                __divdf3
 .text          0x00000000080133c4       0xa0 /opt/homebrew/Cellar/gcc-arm-none-eabi/20200630/bin/../lib/gcc/arm-none-eabi/9.3.1/thumb/v7e-m+fp/hard/libgcc.a(_arm_truncdfsf2.o)
                0x00000000080133c4                __aeabi_d2f
                0x00000000080133c4                __truncdfsf2
 .text          0x0000000008013464       0xa0 /opt/homebrew/Cellar/gcc-arm-none-eabi/20200630/bin/../lib/gcc/arm-none-eabi/9.3.1/thumb/v7e-m+fp/hard/libgcc.a(_aeabi_ldivmod.o)
                0x0000000008013464                __aeabi_ldivmod
 .text          0x0000000008013504       0x30 /opt/homebrew/Cellar/gcc-arm-none-eabi/20200630/bin/../lib/gcc/arm-none-eabi/9.3.1/thumb/v7e-m+fp/hard/libgcc.a(_aeabi_uldivmod.o)
                0x0000000008013504                __aeabi_uldivmod
 .text          0x0000000008013534      0x2c4 /opt/homebrew/Cellar/gcc-arm-none-eabi/20200630/bin/../lib/gcc/arm-none-eabi/9.3.1/thumb/v7e-m+fp/hard/libgcc.a(_udivmoddi4.o)
                0x0000000008013534                __udivmoddi4
 .text          0x00000000080137f8        0x4 /opt/homebrew/Cellar/gcc-arm-none-eabi/20200630/bin/../lib/gcc/arm-none-eabi/9.3.1/thumb/v7e-m+fp/hard/libgcc.a(_dvmd_tls.o)
                0x00000000080137f8                __aeabi_ldiv0
                0x00000000080137f8                __aeabi_idiv0
 .text          0x00000000080137fc        0x0 /opt/homebrew/Cellar/gcc-arm-none-eabi/20200630/bin/../lib/gcc/arm-none-eabi/9.3.1/../../../../arm-none-eabi/lib/thumb/v7e-m+fp/hard/libc_nano.a(lib_a-atof.o)
 .text          0x00000000080137fc        0x0 /opt/homebrew/Cellar/gcc-arm-none-eabi/20200630/bin/../lib/gcc/arm-none-eabi/9.3.1/../../../../arm-none-eabi/lib/thumb/v7e-m+fp/hard/libc_nano.a(lib_a-ctype_.o)
 .text          0x00000000080137fc        0x0 /opt/homebrew/Cellar/gcc-arm-none-eabi/20200630/bin/../lib/gcc/arm-none-eabi/9.3.1/../../../../arm-none-eabi/lib/thumb/v7e-m+fp/hard/libc_nano.a(lib_a-errno.o)
 .text          0x00000000080137fc        0x0 /opt/homebrew/Cellar/gcc-arm-none-eabi/20200630/bin/../lib/gcc/arm-none-eabi/9.3.1/../../../../arm-none-eabi/lib/thumb/v7e-m+fp/hard/libc_nano.a(lib_a-exit.o)
 .text          0x00000000080137fc        0x0 /opt/homebrew/Cellar/gcc-arm-none-eabi/20200630/bin/../lib/gcc/arm-none-eabi/9.3.1/../../../../arm-none-eabi/lib/thumb/v7e-m+fp/hard/libc_nano.a(lib_a-getchar.o)
 .text          0x00000000080137fc        0x0 /opt/homebrew/Cellar/gcc-arm-none-eabi/20200630/bin/../lib/gcc/arm-none-eabi/9.3.1/../../../../arm-none-eabi/lib/thumb/v7e-m+fp/hard/libc_nano.a(lib_a-impure.o)
 .text          0x00000000080137fc        0x0 /opt/homebrew/Cellar/gcc-arm-none-eabi/20200630/bin/../lib/gcc/arm-none-eabi/9.3.1/../../../../arm-none-eabi/lib/thumb/v7e-m+fp/hard/libc_nano.a(lib_a-init.o)
 .text          0x00000000080137fc        0x0 /opt/homebrew/Cellar/gcc-arm-none-eabi/20200630/bin/../lib/gcc/arm-none-eabi/9.3.1/../../../../arm-none-eabi/lib/thumb/v7e-m+fp/hard/libc_nano.a(lib_a-malloc.o)
 .text          0x00000000080137fc        0x0 /opt/homebrew/Cellar/gcc-arm-none-eabi/20200630/bin/../lib/gcc/arm-none-eabi/9.3.1/../../../../arm-none-eabi/lib/thumb/v7e-m+fp/hard/libc_nano.a(lib_a-memcpy-stub.o)
 .text          0x00000000080137fc        0x0 /opt/homebrew/Cellar/gcc-arm-none-eabi/20200630/bin/../lib/gcc/arm-none-eabi/9.3.1/../../../../arm-none-eabi/lib/thumb/v7e-m+fp/hard/libc_nano.a(lib_a-memset.o)
 .text          0x00000000080137fc        0x0 /opt/homebrew/Cellar/gcc-arm-none-eabi/20200630/bin/../lib/gcc/arm-none-eabi/9.3.1/../../../../arm-none-eabi/lib/thumb/v7e-m+fp/hard/libc_nano.a(lib_a-mstats.o)
 .text          0x00000000080137fc        0x0 /opt/homebrew/Cellar/gcc-arm-none-eabi/20200630/bin/../lib/gcc/arm-none-eabi/9.3.1/../../../../arm-none-eabi/lib/thumb/v7e-m+fp/hard/libc_nano.a(lib_a-nano-freer.o)
 .text          0x00000000080137fc        0x0 /opt/homebrew/Cellar/gcc-arm-none-eabi/20200630/bin/../lib/gcc/arm-none-eabi/9.3.1/../../../../arm-none-eabi/lib/thumb/v7e-m+fp/hard/libc_nano.a(lib_a-nano-mallinfor.o)
 .text          0x00000000080137fc        0x0 /opt/homebrew/Cellar/gcc-arm-none-eabi/20200630/bin/../lib/gcc/arm-none-eabi/9.3.1/../../../../arm-none-eabi/lib/thumb/v7e-m+fp/hard/libc_nano.a(lib_a-nano-mallocr.o)
 .text          0x00000000080137fc        0x0 /opt/homebrew/Cellar/gcc-arm-none-eabi/20200630/bin/../lib/gcc/arm-none-eabi/9.3.1/../../../../arm-none-eabi/lib/thumb/v7e-m+fp/hard/libc_nano.a(lib_a-nano-malloptr.o)
 .text          0x00000000080137fc        0x0 /opt/homebrew/Cellar/gcc-arm-none-eabi/20200630/bin/../lib/gcc/arm-none-eabi/9.3.1/../../../../arm-none-eabi/lib/thumb/v7e-m+fp/hard/libc_nano.a(lib_a-nano-mallstatsr.o)
 .text          0x00000000080137fc        0x0 /opt/homebrew/Cellar/gcc-arm-none-eabi/20200630/bin/../lib/gcc/arm-none-eabi/9.3.1/../../../../arm-none-eabi/lib/thumb/v7e-m+fp/hard/libc_nano.a(lib_a-nano-vfprintf_float.o)
 .text          0x00000000080137fc        0x0 /opt/homebrew/Cellar/gcc-arm-none-eabi/20200630/bin/../lib/gcc/arm-none-eabi/9.3.1/../../../../arm-none-eabi/lib/thumb/v7e-m+fp/hard/libc_nano.a(lib_a-nano-vfprintf_i.o)
 .text          0x00000000080137fc        0x0 /opt/homebrew/Cellar/gcc-arm-none-eabi/20200630/bin/../lib/gcc/arm-none-eabi/9.3.1/../../../../arm-none-eabi/lib/thumb/v7e-m+fp/hard/libc_nano.a(lib_a-nano-vfscanf_float.o)
 .text          0x00000000080137fc        0x0 /opt/homebrew/Cellar/gcc-arm-none-eabi/20200630/bin/../lib/gcc/arm-none-eabi/9.3.1/../../../../arm-none-eabi/lib/thumb/v7e-m+fp/hard/libc_nano.a(lib_a-printf.o)
 .text          0x00000000080137fc        0x0 /opt/homebrew/Cellar/gcc-arm-none-eabi/20200630/bin/../lib/gcc/arm-none-eabi/9.3.1/../../../../arm-none-eabi/lib/thumb/v7e-m+fp/hard/libc_nano.a(lib_a-reent.o)
 .text          0x00000000080137fc        0x0 /opt/homebrew/Cellar/gcc-arm-none-eabi/20200630/bin/../lib/gcc/arm-none-eabi/9.3.1/../../../../arm-none-eabi/lib/thumb/v7e-m+fp/hard/libc_nano.a(lib_a-sbrkr.o)
 .text          0x00000000080137fc        0x0 /opt/homebrew/Cellar/gcc-arm-none-eabi/20200630/bin/../lib/gcc/arm-none-eabi/9.3.1/../../../../arm-none-eabi/lib/thumb/v7e-m+fp/hard/libc_nano.a(lib_a-setvbuf.o)
 .text          0x00000000080137fc        0x0 /opt/homebrew/Cellar/gcc-arm-none-eabi/20200630/bin/../lib/gcc/arm-none-eabi/9.3.1/../../../../arm-none-eabi/lib/thumb/v7e-m+fp/hard/libc_nano.a(lib_a-sf_nan.o)
 .text          0x00000000080137fc        0x0 /opt/homebrew/Cellar/gcc-arm-none-eabi/20200630/bin/../lib/gcc/arm-none-eabi/9.3.1/../../../../arm-none-eabi/lib/thumb/v7e-m+fp/hard/libc_nano.a(lib_a-sprintf.o)
 .text          0x00000000080137fc       0x14 /opt/homebrew/Cellar/gcc-arm-none-eabi/20200630/bin/../lib/gcc/arm-none-eabi/9.3.1/../../../../arm-none-eabi/lib/thumb/v7e-m+fp/hard/libc_nano.a(lib_a-strcmp.o)
                0x00000000080137fc                strcmp
 .text          0x0000000008013810       0x10 /opt/homebrew/Cellar/gcc-arm-none-eabi/20200630/bin/../lib/gcc/arm-none-eabi/9.3.1/../../../../arm-none-eabi/lib/thumb/v7e-m+fp/hard/libc_nano.a(lib_a-strlen.o)
                0x0000000008013810                strlen
 .text          0x0000000008013820        0x0 /opt/homebrew/Cellar/gcc-arm-none-eabi/20200630/bin/../lib/gcc/arm-none-eabi/9.3.1/../../../../arm-none-eabi/lib/thumb/v7e-m+fp/hard/libc_nano.a(lib_a-strtod.o)
 .text          0x0000000008013820        0x0 /opt/homebrew/Cellar/gcc-arm-none-eabi/20200630/bin/../lib/gcc/arm-none-eabi/9.3.1/../../../../arm-none-eabi/lib/thumb/v7e-m+fp/hard/libc_nano.a(lib_a-strtol.o)
 .text          0x0000000008013820        0x0 /opt/homebrew/Cellar/gcc-arm-none-eabi/20200630/bin/../lib/gcc/arm-none-eabi/9.3.1/../../../../arm-none-eabi/lib/thumb/v7e-m+fp/hard/libc_nano.a(lib_a-vprintf.o)
 .text          0x0000000008013820        0x0 /opt/homebrew/Cellar/gcc-arm-none-eabi/20200630/bin/../lib/gcc/arm-none-eabi/9.3.1/../../../../arm-none-eabi/lib/thumb/v7e-m+fp/hard/libc_nano.a(lib_a-dtoa.o)
 .text          0x0000000008013820        0x0 /opt/homebrew/Cellar/gcc-arm-none-eabi/20200630/bin/../lib/gcc/arm-none-eabi/9.3.1/../../../../arm-none-eabi/lib/thumb/v7e-m+fp/hard/libc_nano.a(lib_a-fflush.o)
 .text          0x0000000008013820        0x0 /opt/homebrew/Cellar/gcc-arm-none-eabi/20200630/bin/../lib/gcc/arm-none-eabi/9.3.1/../../../../arm-none-eabi/lib/thumb/v7e-m+fp/hard/libc_nano.a(lib_a-findfp.o)
 .text          0x0000000008013820        0x0 /opt/homebrew/Cellar/gcc-arm-none-eabi/20200630/bin/../lib/gcc/arm-none-eabi/9.3.1/../../../../arm-none-eabi/lib/thumb/v7e-m+fp/hard/libc_nano.a(lib_a-fprintf.o)
 .text          0x0000000008013820        0x0 /opt/homebrew/Cellar/gcc-arm-none-eabi/20200630/bin/../lib/gcc/arm-none-eabi/9.3.1/../../../../arm-none-eabi/lib/thumb/v7e-m+fp/hard/libc_nano.a(lib_a-fwalk.o)
 .text          0x0000000008013820        0x0 /opt/homebrew/Cellar/gcc-arm-none-eabi/20200630/bin/../lib/gcc/arm-none-eabi/9.3.1/../../../../arm-none-eabi/lib/thumb/v7e-m+fp/hard/libc_nano.a(lib_a-gdtoa-gethex.o)
 .text          0x0000000008013820        0x0 /opt/homebrew/Cellar/gcc-arm-none-eabi/20200630/bin/../lib/gcc/arm-none-eabi/9.3.1/../../../../arm-none-eabi/lib/thumb/v7e-m+fp/hard/libc_nano.a(lib_a-gdtoa-hexnan.o)
 .text          0x0000000008013820        0x0 /opt/homebrew/Cellar/gcc-arm-none-eabi/20200630/bin/../lib/gcc/arm-none-eabi/9.3.1/../../../../arm-none-eabi/lib/thumb/v7e-m+fp/hard/libc_nano.a(lib_a-getc.o)
 .text          0x0000000008013820        0x0 /opt/homebrew/Cellar/gcc-arm-none-eabi/20200630/bin/../lib/gcc/arm-none-eabi/9.3.1/../../../../arm-none-eabi/lib/thumb/v7e-m+fp/hard/libc_nano.a(lib_a-lnumeric.o)
 .text          0x0000000008013820        0x0 /opt/homebrew/Cellar/gcc-arm-none-eabi/20200630/bin/../lib/gcc/arm-none-eabi/9.3.1/../../../../arm-none-eabi/lib/thumb/v7e-m+fp/hard/libc_nano.a(lib_a-locale.o)
 .text          0x0000000008013820        0x0 /opt/homebrew/Cellar/gcc-arm-none-eabi/20200630/bin/../lib/gcc/arm-none-eabi/9.3.1/../../../../arm-none-eabi/lib/thumb/v7e-m+fp/hard/libc_nano.a(lib_a-localeconv.o)
 .text          0x0000000008013820        0x0 /opt/homebrew/Cellar/gcc-arm-none-eabi/20200630/bin/../lib/gcc/arm-none-eabi/9.3.1/../../../../arm-none-eabi/lib/thumb/v7e-m+fp/hard/libc_nano.a(lib_a-lock.o)
 .text          0x0000000008013820        0x0 /opt/homebrew/Cellar/gcc-arm-none-eabi/20200630/bin/../lib/gcc/arm-none-eabi/9.3.1/../../../../arm-none-eabi/lib/thumb/v7e-m+fp/hard/libc_nano.a(lib_a-makebuf.o)
 .text          0x0000000008013820        0x0 /opt/homebrew/Cellar/gcc-arm-none-eabi/20200630/bin/../lib/gcc/arm-none-eabi/9.3.1/../../../../arm-none-eabi/lib/thumb/v7e-m+fp/hard/libc_nano.a(lib_a-mbtowc_r.o)
 .text          0x0000000008013820       0xa0 /opt/homebrew/Cellar/gcc-arm-none-eabi/20200630/bin/../lib/gcc/arm-none-eabi/9.3.1/../../../../arm-none-eabi/lib/thumb/v7e-m+fp/hard/libc_nano.a(lib_a-memchr.o)
                0x0000000008013820                memchr
 .text          0x00000000080138c0        0x0 /opt/homebrew/Cellar/gcc-arm-none-eabi/20200630/bin/../lib/gcc/arm-none-eabi/9.3.1/../../../../arm-none-eabi/lib/thumb/v7e-m+fp/hard/libc_nano.a(lib_a-mprec.o)
 .text          0x00000000080138c0        0x0 /opt/homebrew/Cellar/gcc-arm-none-eabi/20200630/bin/../lib/gcc/arm-none-eabi/9.3.1/../../../../arm-none-eabi/lib/thumb/v7e-m+fp/hard/libc_nano.a(lib_a-nano-callocr.o)
 .text          0x00000000080138c0        0x0 /opt/homebrew/Cellar/gcc-arm-none-eabi/20200630/bin/../lib/gcc/arm-none-eabi/9.3.1/../../../../arm-none-eabi/lib/thumb/v7e-m+fp/hard/libc_nano.a(lib_a-nano-svfprintf.o)
 .text          0x00000000080138c0        0x0 /opt/homebrew/Cellar/gcc-arm-none-eabi/20200630/bin/../lib/gcc/arm-none-eabi/9.3.1/../../../../arm-none-eabi/lib/thumb/v7e-m+fp/hard/libc_nano.a(lib_a-nano-vfprintf.o)
 .text          0x00000000080138c0        0x0 /opt/homebrew/Cellar/gcc-arm-none-eabi/20200630/bin/../lib/gcc/arm-none-eabi/9.3.1/../../../../arm-none-eabi/lib/thumb/v7e-m+fp/hard/libc_nano.a(lib_a-rget.o)
 .text          0x00000000080138c0        0x0 /opt/homebrew/Cellar/gcc-arm-none-eabi/20200630/bin/../lib/gcc/arm-none-eabi/9.3.1/../../../../arm-none-eabi/lib/thumb/v7e-m+fp/hard/libc_nano.a(lib_a-s_nan.o)
 .text          0x00000000080138c0        0x0 /opt/homebrew/Cellar/gcc-arm-none-eabi/20200630/bin/../lib/gcc/arm-none-eabi/9.3.1/../../../../arm-none-eabi/lib/thumb/v7e-m+fp/hard/libc_nano.a(lib_a-stdio.o)
 .text          0x00000000080138c0        0x0 /opt/homebrew/Cellar/gcc-arm-none-eabi/20200630/bin/../lib/gcc/arm-none-eabi/9.3.1/../../../../arm-none-eabi/lib/thumb/v7e-m+fp/hard/libc_nano.a(lib_a-strncmp.o)
 .text          0x00000000080138c0        0x0 /opt/homebrew/Cellar/gcc-arm-none-eabi/20200630/bin/../lib/gcc/arm-none-eabi/9.3.1/../../../../arm-none-eabi/lib/thumb/v7e-m+fp/hard/libc_nano.a(lib_a-wbuf.o)
 .text          0x00000000080138c0        0x0 /opt/homebrew/Cellar/gcc-arm-none-eabi/20200630/bin/../lib/gcc/arm-none-eabi/9.3.1/../../../../arm-none-eabi/lib/thumb/v7e-m+fp/hard/libc_nano.a(lib_a-wctomb_r.o)
 .text          0x00000000080138c0        0x0 /opt/homebrew/Cellar/gcc-arm-none-eabi/20200630/bin/../lib/gcc/arm-none-eabi/9.3.1/../../../../arm-none-eabi/lib/thumb/v7e-m+fp/hard/libc_nano.a(lib_a-writer.o)
 .text          0x00000000080138c0        0x0 /opt/homebrew/Cellar/gcc-arm-none-eabi/20200630/bin/../lib/gcc/arm-none-eabi/9.3.1/../../../../arm-none-eabi/lib/thumb/v7e-m+fp/hard/libc_nano.a(lib_a-wsetup.o)
 .text          0x00000000080138c0        0x0 /opt/homebrew/Cellar/gcc-arm-none-eabi/20200630/bin/../lib/gcc/arm-none-eabi/9.3.1/../../../../arm-none-eabi/lib/thumb/v7e-m+fp/hard/libc_nano.a(lib_a-assert.o)
 .text          0x00000000080138c0        0x0 /opt/homebrew/Cellar/gcc-arm-none-eabi/20200630/bin/../lib/gcc/arm-none-eabi/9.3.1/../../../../arm-none-eabi/lib/thumb/v7e-m+fp/hard/libc_nano.a(lib_a-closer.o)
 .text          0x00000000080138c0        0x0 /opt/homebrew/Cellar/gcc-arm-none-eabi/20200630/bin/../lib/gcc/arm-none-eabi/9.3.1/../../../../arm-none-eabi/lib/thumb/v7e-m+fp/hard/libc_nano.a(lib_a-fstatr.o)
 .text          0x00000000080138c0        0x0 /opt/homebrew/Cellar/gcc-arm-none-eabi/20200630/bin/../lib/gcc/arm-none-eabi/9.3.1/../../../../arm-none-eabi/lib/thumb/v7e-m+fp/hard/libc_nano.a(lib_a-fvwrite.o)
 .text          0x00000000080138c0        0x0 /opt/homebrew/Cellar/gcc-arm-none-eabi/20200630/bin/../lib/gcc/arm-none-eabi/9.3.1/../../../../arm-none-eabi/lib/thumb/v7e-m+fp/hard/libc_nano.a(lib_a-isattyr.o)
 .text          0x00000000080138c0        0x0 /opt/homebrew/Cellar/gcc-arm-none-eabi/20200630/bin/../lib/gcc/arm-none-eabi/9.3.1/../../../../arm-none-eabi/lib/thumb/v7e-m+fp/hard/libc_nano.a(lib_a-lseekr.o)
 .text          0x00000000080138c0        0x0 /opt/homebrew/Cellar/gcc-arm-none-eabi/20200630/bin/../lib/gcc/arm-none-eabi/9.3.1/../../../../arm-none-eabi/lib/thumb/v7e-m+fp/hard/libc_nano.a(lib_a-memmove.o)
 .text          0x00000000080138c0        0x0 /opt/homebrew/Cellar/gcc-arm-none-eabi/20200630/bin/../lib/gcc/arm-none-eabi/9.3.1/../../../../arm-none-eabi/lib/thumb/v7e-m+fp/hard/libc_nano.a(lib_a-nano-reallocr.o)
 .text          0x00000000080138c0        0x0 /opt/homebrew/Cellar/gcc-arm-none-eabi/20200630/bin/../lib/gcc/arm-none-eabi/9.3.1/../../../../arm-none-eabi/lib/thumb/v7e-m+fp/hard/libc_nano.a(lib_a-readr.o)
 .text          0x00000000080138c0        0x0 /opt/homebrew/Cellar/gcc-arm-none-eabi/20200630/bin/../lib/gcc/arm-none-eabi/9.3.1/../../../../arm-none-eabi/lib/thumb/v7e-m+fp/hard/libc_nano.a(lib_a-refill.o)
 .text          0x00000000080138c0        0x0 /opt/homebrew/Cellar/gcc-arm-none-eabi/20200630/bin/../lib/gcc/arm-none-eabi/9.3.1/../../../../arm-none-eabi/lib/thumb/v7e-m+fp/hard/libc_nano.a(lib_a-abort.o)
 .text          0x00000000080138c0        0x0 /opt/homebrew/Cellar/gcc-arm-none-eabi/20200630/bin/../lib/gcc/arm-none-eabi/9.3.1/../../../../arm-none-eabi/lib/thumb/v7e-m+fp/hard/libc_nano.a(lib_a-nano-msizer.o)
 .text          0x00000000080138c0        0x0 /opt/homebrew/Cellar/gcc-arm-none-eabi/20200630/bin/../lib/gcc/arm-none-eabi/9.3.1/../../../../arm-none-eabi/lib/thumb/v7e-m+fp/hard/libc_nano.a(lib_a-signal.o)
 .text          0x00000000080138c0        0x0 /opt/homebrew/Cellar/gcc-arm-none-eabi/20200630/bin/../lib/gcc/arm-none-eabi/9.3.1/../../../../arm-none-eabi/lib/thumb/v7e-m+fp/hard/libc_nano.a(lib_a-signalr.o)
 .text          0x00000000080138c0      0x110 /opt/homebrew/Cellar/gcc-arm-none-eabi/20200630/bin/../lib/gcc/arm-none-eabi/9.3.1/thumb/v7e-m+fp/hard/libgcc.a(_arm_cmpdf2.o)
                0x00000000080138c0                __gedf2
                0x00000000080138c0                __gtdf2
                0x00000000080138c8                __ledf2
                0x00000000080138c8                __ltdf2
                0x00000000080138d0                __cmpdf2
                0x00000000080138d0                __eqdf2
                0x00000000080138d0                __nedf2
                0x000000000801394c                __aeabi_cdrcmple
                0x000000000801395c                __aeabi_cdcmple
                0x000000000801395c                __aeabi_cdcmpeq
                0x000000000801396c                __aeabi_dcmpeq
                0x0000000008013980                __aeabi_dcmplt
                0x0000000008013994                __aeabi_dcmple
                0x00000000080139a8                __aeabi_dcmpge
                0x00000000080139bc                __aeabi_dcmpgt
 .text          0x00000000080139d0       0x2c /opt/homebrew/Cellar/gcc-arm-none-eabi/20200630/bin/../lib/gcc/arm-none-eabi/9.3.1/thumb/v7e-m+fp/hard/libgcc.a(_arm_unorddf2.o)
                0x00000000080139d0                __aeabi_dcmpun
                0x00000000080139d0                __unorddf2
 .text          0x00000000080139fc       0x50 /opt/homebrew/Cellar/gcc-arm-none-eabi/20200630/bin/../lib/gcc/arm-none-eabi/9.3.1/thumb/v7e-m+fp/hard/libgcc.a(_arm_fixdfsi.o)
                0x00000000080139fc                __fixdfsi
                0x00000000080139fc                __aeabi_d2iz
 .text          0x0000000008013a4c       0x40 /opt/homebrew/Cellar/gcc-arm-none-eabi/20200630/bin/../lib/gcc/arm-none-eabi/9.3.1/thumb/v7e-m+fp/hard/libgcc.a(_arm_fixunsdfsi.o)
                0x0000000008013a4c                __fixunsdfsi
                0x0000000008013a4c                __aeabi_d2uiz
 .text          0x0000000008013a8c       0x30 /opt/homebrew/Cellar/gcc-arm-none-eabi/20200630/bin/../lib/gcc/arm-none-eabi/9.3.1/thumb/v7e-m+fp/hard/libgcc.a(_fixdfdi.o)
                0x0000000008013a8c                __aeabi_d2lz
                0x0000000008013a8c                __fixdfdi
 .text          0x0000000008013abc       0x3c /opt/homebrew/Cellar/gcc-arm-none-eabi/20200630/bin/../lib/gcc/arm-none-eabi/9.3.1/thumb/v7e-m+fp/hard/libgcc.a(_fixunsdfdi.o)
                0x0000000008013abc                __aeabi_d2ulz
                0x0000000008013abc                __fixunsdfdi
 .text          0x0000000008013af8        0x0 /opt/homebrew/Cellar/gcc-arm-none-eabi/20200630/bin/../lib/gcc/arm-none-eabi/9.3.1/../../../../arm-none-eabi/lib/thumb/v7e-m+fp/hard/libnosys.a(close.o)
 .text          0x0000000008013af8        0x0 /opt/homebrew/Cellar/gcc-arm-none-eabi/20200630/bin/../lib/gcc/arm-none-eabi/9.3.1/../../../../arm-none-eabi/lib/thumb/v7e-m+fp/hard/libnosys.a(fstat.o)
 .text          0x0000000008013af8        0x0 /opt/homebrew/Cellar/gcc-arm-none-eabi/20200630/bin/../lib/gcc/arm-none-eabi/9.3.1/../../../../arm-none-eabi/lib/thumb/v7e-m+fp/hard/libnosys.a(getpid.o)
 .text          0x0000000008013af8        0x0 /opt/homebrew/Cellar/gcc-arm-none-eabi/20200630/bin/../lib/gcc/arm-none-eabi/9.3.1/../../../../arm-none-eabi/lib/thumb/v7e-m+fp/hard/libnosys.a(isatty.o)
 .text          0x0000000008013af8        0x0 /opt/homebrew/Cellar/gcc-arm-none-eabi/20200630/bin/../lib/gcc/arm-none-eabi/9.3.1/../../../../arm-none-eabi/lib/thumb/v7e-m+fp/hard/libnosys.a(kill.o)
 .text          0x0000000008013af8        0x0 /opt/homebrew/Cellar/gcc-arm-none-eabi/20200630/bin/../lib/gcc/arm-none-eabi/9.3.1/../../../../arm-none-eabi/lib/thumb/v7e-m+fp/hard/libnosys.a(lseek.o)
 .text          0x0000000008013af8        0x0 /opt/homebrew/Cellar/gcc-arm-none-eabi/20200630/bin/../lib/gcc/arm-none-eabi/9.3.1/../../../../arm-none-eabi/lib/thumb/v7e-m+fp/hard/libnosys.a(_exit.o)
 .text          0x0000000008013af8        0x0 /opt/homebrew/Cellar/gcc-arm-none-eabi/20200630/bin/../lib/gcc/arm-none-eabi/9.3.1/thumb/v7e-m+fp/hard/crtend.o
 .text          0x0000000008013af8        0x0 /opt/homebrew/Cellar/gcc-arm-none-eabi/20200630/bin/../lib/gcc/arm-none-eabi/9.3.1/thumb/v7e-m+fp/hard/crtn.o
 *(.text*)
 .text.startup  0x0000000008013af8       0xb0 build/main.o
                0x0000000008013af8                main
 .text.Reset_Handler
                0x0000000008013ba8       0x50 build/startup_stm32f446xx.o
                0x0000000008013ba8                Reset_Handler
 .text.Default_Handler
                0x0000000008013bf8        0x2 build/startup_stm32f446xx.o
                0x0000000008013bf8                FMPI2C1_Error_IRQHandler
                0x0000000008013bf8                EXTI2_IRQHandler
                0x0000000008013bf8                TIM8_CC_IRQHandler
                0x0000000008013bf8                SPI4_IRQHandler
                0x0000000008013bf8                TIM1_CC_IRQHandler
                0x0000000008013bf8                DMA2_Stream5_IRQHandler
                0x0000000008013bf8                DMA1_Stream5_IRQHandler
                0x0000000008013bf8                PVD_IRQHandler
                0x0000000008013bf8                SDIO_IRQHandler
                0x0000000008013bf8                TAMP_STAMP_IRQHandler
                0x0000000008013bf8                CAN2_RX1_IRQHandler
                0x0000000008013bf8                EXTI3_IRQHandler
                0x0000000008013bf8                TIM8_TRG_COM_TIM14_IRQHandler
                0x0000000008013bf8                TIM1_UP_TIM10_IRQHandler
                0x0000000008013bf8                TIM8_UP_TIM13_IRQHandler
                0x0000000008013bf8                I2C3_ER_IRQHandler
                0x0000000008013bf8                FMPI2C1_Event_IRQHandler
                0x0000000008013bf8                EXTI0_IRQHandler
                0x0000000008013bf8                I2C2_EV_IRQHandler
                0x0000000008013bf8                DMA1_Stream2_IRQHandler
                0x0000000008013bf8                CAN1_RX0_IRQHandler
                0x0000000008013bf8                FPU_IRQHandler
                0x0000000008013bf8                OTG_HS_WKUP_IRQHandler
                0x0000000008013bf8                CAN2_SCE_IRQHandler
                0x0000000008013bf8                DMA2_Stream2_IRQHandler
                0x0000000008013bf8                SPI1_IRQHandler
                0x0000000008013bf8                TIM6_DAC_IRQHandler
                0x0000000008013bf8                TIM1_BRK_TIM9_IRQHandler
                0x0000000008013bf8                DCMI_IRQHandler
                0x0000000008013bf8                CAN2_RX0_IRQHandler
                0x0000000008013bf8                DMA2_Stream3_IRQHandler
                0x0000000008013bf8                SAI2_IRQHandler
                0x0000000008013bf8                USART6_IRQHandler
                0x0000000008013bf8                USART3_IRQHandler
                0x0000000008013bf8                CAN1_RX1_IRQHandler